#
# There is insufficient memory for the Java Runtime Environment to continue.
# Native memory allocation (malloc) failed to allocate 1050816 bytes for Chunk::new
# Possible reasons:
#   The system is out of physical RAM or swap space
#   The process is running with CompressedOops enabled, and the Java Heap may be blocking the growth of the native heap
# Possible solutions:
#   Reduce memory load on the system
#   Increase physical memory or swap space
#   Check if swap backing store is full
#   Decrease Java heap size (-Xmx/-Xms)
#   Decrease number of Java threads
#   Decrease Java thread stack sizes (-Xss)
#   Set larger code cache with -XX:ReservedCodeCacheSize=
#   JVM is running with Unscaled Compressed Oops mode in which the Java heap is
#     placed in the first 4GB address space. The Java Heap base address is the
#     maximum limit for the native heap growth. Please use -XX:HeapBaseMinAddress
#     to set the Java Heap base and to place the Java Heap above 4GB virtual address.
# This output file may be truncated or incomplete.
#
#  Out of Memory Error (arena.cpp:189), pid=26120, tid=26780
#
# JRE version: Java(TM) SE Runtime Environment (17.0.12+8) (build 17.0.12+8-LTS-286)
# Java VM: Java HotSpot(TM) 64-Bit Server VM (17.0.12+8-LTS-286, mixed mode, sharing, tiered, compressed oops, compressed class ptrs, g1 gc, windows-amd64)
# No core dump will be written. Minidumps are not enabled by default on client versions of Windows
#

---------------  S U M M A R Y ------------

Command Line: --add-opens=java.base/java.util=ALL-UNNAMED --add-opens=java.base/java.lang=ALL-UNNAMED --add-opens=java.base/java.lang.invoke=ALL-UNNAMED --add-opens=java.prefs/java.util.prefs=ALL-UNNAMED --add-exports=jdk.compiler/com.sun.tools.javac.api=ALL-UNNAMED --add-exports=jdk.compiler/com.sun.tools.javac.util=ALL-UNNAMED --add-opens=java.base/java.nio.charset=ALL-UNNAMED --add-opens=java.base/java.net=ALL-UNNAMED --add-opens=java.base/java.util.concurrent.atomic=ALL-UNNAMED -XX:MaxMetaspaceSize=384m -XX:+HeapDumpOnOutOfMemoryError -Xms256m -Xmx512m -Dfile.encoding=UTF-8 -Duser.country=IN -Duser.language=en -Duser.variant -javaagent:C:\Users\K Abhishek\.gradle\wrapper\dists\gradle-8.10.1-bin\e90i968nv55tch01zkse4avv3\gradle-8.10.1\lib\agents\gradle-instrumentation-agent-8.10.1.jar org.gradle.launcher.daemon.bootstrap.GradleDaemon 8.10.1

Host: Intel(R) Core(TM) i5-10300H CPU @ 2.50GHz, 8 cores, 7G,  Windows 11 , 64 bit Build 26100 (10.0.26100.5074)
Time: Wed Oct 15 17:33:18 2025 India Standard Time elapsed time: 19663.118261 seconds (0d 5h 27m 43s)

---------------  T H R E A D  ---------------

Current thread (0x0000024442483060):  JavaThread "C2 CompilerThread1" daemon [_thread_in_native, id=26780, stack(0x000000860c100000,0x000000860c200000)]


Current CompileTask:
C2:19663118 13200       4       groovyjarjarantlr4.v4.runtime.atn.ParserATNSimulator::computeTargetState (617 bytes)

Stack: [0x000000860c100000,0x000000860c200000]
Native frames: (J=compiled Java code, j=interpreted, Vv=VM code, C=native code)
V  [jvm.dll+0x67a04a]
V  [jvm.dll+0x7da4ed]
V  [jvm.dll+0x7dbe33]
V  [jvm.dll+0x7dc4a3]
V  [jvm.dll+0x24508f]
V  [jvm.dll+0xab773]
V  [jvm.dll+0xabd3c]
V  [jvm.dll+0x2aa52f]
V  [jvm.dll+0x581eb9]
V  [jvm.dll+0x21f422]
V  [jvm.dll+0x21f81f]
V  [jvm.dll+0x218aa0]
V  [jvm.dll+0x215b65]
V  [jvm.dll+0x1a2960]
V  [jvm.dll+0x22610b]
V  [jvm.dll+0x2242ab]
V  [jvm.dll+0x79075c]
V  [jvm.dll+0x78abea]
V  [jvm.dll+0x678f35]
C  [ucrtbase.dll+0x37b0]
C  [KERNEL32.DLL+0x2e8d7]
C  [ntdll.dll+0x8d9c]


---------------  P R O C E S S  ---------------

Threads class SMR info:
_java_thread_list=0x0000024441f9e450, length=65, elements={
0x0000024408893000, 0x000002442319cea0, 0x000002442319d770, 0x00000244231b0760,
0x00000244231b1030, 0x00000244231b1900, 0x00000244231b21d0, 0x00000244231b3b10,
0x00000244231c7480, 0x00000244231cb470, 0x00000244233e88b0, 0x000002442349c9c0,
0x000002443e01d170, 0x000002443df0b420, 0x000002443e11b9a0, 0x000002443e1d05a0,
0x000002443e1d2400, 0x000002443e1d0ab0, 0x000002443e1cf670, 0x000002443e1cfb80,
0x0000024440438d70, 0x00000244404355c0, 0x0000024440437420, 0x0000024440435ad0,
0x000002444043b5f0, 0x000002444043b0e0, 0x000002444043ca30, 0x000002443ea68ae0,
0x000002443ea680c0, 0x0000024441f52db0, 0x000002444037add0, 0x000002444037cc30,
0x000002444037b7f0, 0x000002444037d140, 0x000002444037e580, 0x0000024440380e00,
0x0000024440381d30, 0x000002444037ea90, 0x000002444037bd00, 0x000002444037db60,
0x000002444037a8c0, 0x000002444037f4b0, 0x00000244403808f0, 0x000002444037f9c0,
0x000002444037fed0, 0x00000244403803e0, 0x0000024440381310, 0x0000024440381820,
0x000002443f5a8f70, 0x000002443f5a8550, 0x000002443f5a8a60, 0x000002443f5a9480,
0x000002443f5a8040, 0x000002443f5ac720, 0x000002443f5acc30, 0x000002443f5abd00,
0x000002443f5a9ea0, 0x000002443f5a9990, 0x000002443f5aadd0, 0x000002443f5ab2e0,
0x000002443f5ad140, 0x000002443f5ac210, 0x000002443f5ad650, 0x0000024442483060,
0x0000024442483b00
}

Java Threads: ( => current thread )
  0x0000024408893000 JavaThread "main" [_thread_blocked, id=13100, stack(0x0000008607700000,0x0000008607800000)]
  0x000002442319cea0 JavaThread "Reference Handler" daemon [_thread_blocked, id=24636, stack(0x0000008607e00000,0x0000008607f00000)]
  0x000002442319d770 JavaThread "Finalizer" daemon [_thread_blocked, id=16688, stack(0x0000008607f00000,0x0000008608000000)]
  0x00000244231b0760 JavaThread "Signal Dispatcher" daemon [_thread_blocked, id=25096, stack(0x0000008608000000,0x0000008608100000)]
  0x00000244231b1030 JavaThread "Attach Listener" daemon [_thread_blocked, id=25040, stack(0x0000008608100000,0x0000008608200000)]
  0x00000244231b1900 JavaThread "Service Thread" daemon [_thread_blocked, id=820, stack(0x0000008608200000,0x0000008608300000)]
  0x00000244231b21d0 JavaThread "Monitor Deflation Thread" daemon [_thread_blocked, id=16828, stack(0x0000008608300000,0x0000008608400000)]
  0x00000244231b3b10 JavaThread "C2 CompilerThread0" daemon [_thread_in_native, id=9772, stack(0x0000008608400000,0x0000008608500000)]
  0x00000244231c7480 JavaThread "C1 CompilerThread0" daemon [_thread_blocked, id=28176, stack(0x0000008608500000,0x0000008608600000)]
  0x00000244231cb470 JavaThread "Sweeper thread" daemon [_thread_blocked, id=18672, stack(0x0000008608600000,0x0000008608700000)]
  0x00000244233e88b0 JavaThread "Common-Cleaner" daemon [_thread_blocked, id=29444, stack(0x0000008608700000,0x0000008608800000)]
  0x000002442349c9c0 JavaThread "Notification Thread" daemon [_thread_blocked, id=26720, stack(0x0000008608800000,0x0000008608900000)]
  0x000002443e01d170 JavaThread "Daemon health stats" [_thread_blocked, id=27620, stack(0x0000008609100000,0x0000008609200000)]
  0x000002443df0b420 JavaThread "Incoming local TCP Connector on port 64850" [_thread_in_native, id=5664, stack(0x0000008609200000,0x0000008609300000)]
  0x000002443e11b9a0 JavaThread "Daemon periodic checks" [_thread_blocked, id=11604, stack(0x0000008609300000,0x0000008609400000)]
  0x000002443e1d05a0 JavaThread "Cache worker for journal cache (C:\Users\K Abhishek\.gradle\caches\journal-1)" [_thread_blocked, id=18280, stack(0x0000008609b00000,0x0000008609c00000)]
  0x000002443e1d2400 JavaThread "File lock request listener" [_thread_in_native, id=28760, stack(0x0000008609c00000,0x0000008609d00000)]
  0x000002443e1d0ab0 JavaThread "Cache worker for file hash cache (C:\Users\K Abhishek\.gradle\caches\8.10.1\fileHashes)" [_thread_blocked, id=8860, stack(0x0000008608b00000,0x0000008608c00000)]
  0x000002443e1cf670 JavaThread "File watcher server" daemon [_thread_in_native, id=26184, stack(0x000000860a200000,0x000000860a300000)]
  0x000002443e1cfb80 JavaThread "File watcher consumer" daemon [_thread_blocked, id=18428, stack(0x000000860a300000,0x000000860a400000)]
  0x0000024440438d70 JavaThread "Cache worker for file content cache (C:\Users\K Abhishek\.gradle\caches\8.10.1\fileContent)" [_thread_blocked, id=8388, stack(0x000000860a500000,0x000000860a600000)]
  0x00000244404355c0 JavaThread "jar transforms" [_thread_blocked, id=21792, stack(0x000000860a800000,0x000000860a900000)]
  0x0000024440437420 JavaThread "jar transforms Thread 2" [_thread_blocked, id=16276, stack(0x000000860a900000,0x000000860aa00000)]
  0x0000024440435ad0 JavaThread "jar transforms Thread 3" [_thread_blocked, id=5948, stack(0x000000860ab00000,0x000000860ac00000)]
  0x000002444043b5f0 JavaThread "jar transforms Thread 4" [_thread_blocked, id=3552, stack(0x000000860b400000,0x000000860b500000)]
  0x000002444043b0e0 JavaThread "jar transforms Thread 5" [_thread_blocked, id=24056, stack(0x000000860b500000,0x000000860b600000)]
  0x000002444043ca30 JavaThread "jar transforms Thread 6" [_thread_blocked, id=5480, stack(0x000000860ba00000,0x000000860bb00000)]
  0x000002443ea68ae0 JavaThread "jar transforms Thread 7" [_thread_blocked, id=8492, stack(0x000000860bb00000,0x000000860bc00000)]
  0x000002443ea680c0 JavaThread "jar transforms Thread 8" [_thread_blocked, id=24088, stack(0x000000860c000000,0x000000860c100000)]
  0x0000024441f52db0 JavaThread "Memory manager" [_thread_blocked, id=17128, stack(0x000000860d700000,0x000000860d800000)]
  0x000002444037add0 JavaThread "Daemon Thread 2" [_thread_blocked, id=11928, stack(0x0000008607400000,0x0000008607500000)]
  0x000002444037cc30 JavaThread "Daemon Thread 3" [_thread_blocked, id=23812, stack(0x0000008607500000,0x0000008607600000)]
  0x000002444037b7f0 JavaThread "Daemon Thread 4" [_thread_blocked, id=8544, stack(0x0000008607600000,0x0000008607700000)]
  0x000002444037d140 JavaThread "Handler for socket connection from /127.0.0.1:64850 to /127.0.0.1:56778" [_thread_in_native, id=25716, stack(0x0000008608a00000,0x0000008608b00000)]
  0x000002444037e580 JavaThread "Cancel handler" [_thread_blocked, id=16192, stack(0x0000008609600000,0x0000008609700000)]
  0x0000024440380e00 JavaThread "Daemon worker Thread 2" [_thread_in_Java, id=13316, stack(0x0000008609900000,0x0000008609a00000)]
  0x0000024440381d30 JavaThread "VFS cleanup Thread 2" [_thread_blocked, id=3240, stack(0x0000008609a00000,0x0000008609b00000)]
  0x000002444037ea90 JavaThread "VFS cleanup Thread 3" [_thread_blocked, id=7516, stack(0x0000008609d00000,0x0000008609e00000)]
  0x000002444037bd00 JavaThread "Asynchronous log dispatcher for DefaultDaemonConnection: socket connection from /127.0.0.1:64850 to /127.0.0.1:56778" [_thread_blocked, id=27136, stack(0x0000008609400000,0x0000008609500000)]
  0x000002444037db60 JavaThread "Stdin handler" [_thread_blocked, id=28944, stack(0x0000008609500000,0x0000008609600000)]
  0x000002444037a8c0 JavaThread "Daemon client event forwarder" [_thread_blocked, id=27876, stack(0x0000008609700000,0x0000008609800000)]
  0x000002444037f4b0 JavaThread "Cache worker for file hash cache (D:\x-workz\Xworkz-Api\.gradle\8.10.1\fileHashes)" [_thread_blocked, id=16420, stack(0x0000008609800000,0x0000008609900000)]
  0x00000244403808f0 JavaThread "Cache worker for Build Output Cleanup Cache (D:\x-workz\Xworkz-Api\.gradle\buildOutputCleanup)" [_thread_blocked, id=21728, stack(0x0000008609e00000,0x0000008609f00000)]
  0x000002444037f9c0 JavaThread "Cache worker for checksums cache (D:\x-workz\Xworkz-Api\.gradle\8.10.1\checksums)" [_thread_blocked, id=19476, stack(0x000000860a600000,0x000000860a700000)]
  0x000002444037fed0 JavaThread "Cache worker for cache directory md-rule (C:\Users\K Abhishek\.gradle\caches\8.10.1\md-rule)" [_thread_blocked, id=11152, stack(0x000000860a400000,0x000000860a500000)]
  0x00000244403803e0 JavaThread "Cache worker for cache directory md-supplier (C:\Users\K Abhishek\.gradle\caches\8.10.1\md-supplier)" [_thread_blocked, id=26484, stack(0x000000860a700000,0x000000860a800000)]
  0x0000024440381310 JavaThread "Unconstrained build operations" [_thread_blocked, id=4528, stack(0x000000860ac00000,0x000000860ad00000)]
  0x0000024440381820 JavaThread "Unconstrained build operations Thread 2" [_thread_blocked, id=14284, stack(0x000000860ad00000,0x000000860ae00000)]
  0x000002443f5a8f70 JavaThread "Unconstrained build operations Thread 3" [_thread_blocked, id=11956, stack(0x000000860ae00000,0x000000860af00000)]
  0x000002443f5a8550 JavaThread "Unconstrained build operations Thread 4" [_thread_blocked, id=12900, stack(0x000000860af00000,0x000000860b000000)]
  0x000002443f5a8a60 JavaThread "File lock release action executor Thread 4" [_thread_blocked, id=23144, stack(0x000000860b000000,0x000000860b100000)]
  0x000002443f5a9480 JavaThread "Unconstrained build operations Thread 5" [_thread_blocked, id=25324, stack(0x000000860aa00000,0x000000860ab00000)]
  0x000002443f5a8040 JavaThread "Unconstrained build operations Thread 6" [_thread_blocked, id=27848, stack(0x000000860b100000,0x000000860b200000)]
  0x000002443f5ac720 JavaThread "Unconstrained build operations Thread 7" [_thread_blocked, id=16816, stack(0x000000860b200000,0x000000860b300000)]
  0x000002443f5acc30 JavaThread "Unconstrained build operations Thread 8" [_thread_blocked, id=19248, stack(0x000000860b300000,0x000000860b400000)]
  0x000002443f5abd00 JavaThread "Unconstrained build operations Thread 9" [_thread_blocked, id=18608, stack(0x000000860b600000,0x000000860b700000)]
  0x000002443f5a9ea0 JavaThread "Unconstrained build operations Thread 10" [_thread_blocked, id=3092, stack(0x000000860b700000,0x000000860b800000)]
  0x000002443f5a9990 JavaThread "Unconstrained build operations Thread 11" [_thread_blocked, id=10384, stack(0x000000860b800000,0x000000860b900000)]
  0x000002443f5aadd0 JavaThread "Unconstrained build operations Thread 12" [_thread_blocked, id=18392, stack(0x000000860b900000,0x000000860ba00000)]
  0x000002443f5ab2e0 JavaThread "Unconstrained build operations Thread 13" [_thread_blocked, id=21124, stack(0x000000860bc00000,0x000000860bd00000)]
  0x000002443f5ad140 JavaThread "Unconstrained build operations Thread 14" [_thread_blocked, id=13592, stack(0x000000860bd00000,0x000000860be00000)]
  0x000002443f5ac210 JavaThread "Unconstrained build operations Thread 15" [_thread_blocked, id=4968, stack(0x000000860be00000,0x000000860bf00000)]
  0x000002443f5ad650 JavaThread "Unconstrained build operations Thread 16" [_thread_blocked, id=17244, stack(0x000000860bf00000,0x000000860c000000)]
=>0x0000024442483060 JavaThread "C2 CompilerThread1" daemon [_thread_in_native, id=26780, stack(0x000000860c100000,0x000000860c200000)]
  0x0000024442483b00 JavaThread "C2 CompilerThread2" daemon [_thread_in_native, id=5252, stack(0x000000860c200000,0x000000860c300000)]

Other Threads:
  0x0000024423194920 VMThread "VM Thread" [stack: 0x0000008607d00000,0x0000008607e00000] [id=27844]
  0x00000244088d2dd0 WatcherThread [stack: 0x0000008608900000,0x0000008608a00000] [id=25204]
  0x00000244088c4d40 GCTaskThread "GC Thread#0" [stack: 0x0000008607800000,0x0000008607900000] [id=15484]
  0x0000024423d98f90 GCTaskThread "GC Thread#1" [stack: 0x0000008608c00000,0x0000008608d00000] [id=5676]
  0x0000024423e576c0 GCTaskThread "GC Thread#2" [stack: 0x0000008608d00000,0x0000008608e00000] [id=27996]
  0x0000024423898cd0 GCTaskThread "GC Thread#3" [stack: 0x0000008608e00000,0x0000008608f00000] [id=22480]
  0x0000024423ec8ba0 GCTaskThread "GC Thread#4" [stack: 0x0000008608f00000,0x0000008609000000] [id=22052]
  0x0000024423ec8e60 GCTaskThread "GC Thread#5" [stack: 0x0000008609000000,0x0000008609100000] [id=17620]
  0x000002443d6ccac0 GCTaskThread "GC Thread#6" [stack: 0x0000008609f00000,0x000000860a000000] [id=15884]
  0x000002443d6caf40 GCTaskThread "GC Thread#7" [stack: 0x000000860a000000,0x000000860a100000] [id=4736]
  0x00000244088c9ba0 ConcurrentGCThread "G1 Main Marker" [stack: 0x0000008607900000,0x0000008607a00000] [id=18688]
  0x00000244088cb930 ConcurrentGCThread "G1 Conc#0" [stack: 0x0000008607a00000,0x0000008607b00000] [id=25000]
  0x000002443d6cc280 ConcurrentGCThread "G1 Conc#1" [stack: 0x000000860a100000,0x000000860a200000] [id=21968]
  0x000002440895d0d0 ConcurrentGCThread "G1 Refine#0" [stack: 0x0000008607b00000,0x0000008607c00000] [id=27976]
  0x0000024440854970 ConcurrentGCThread "G1 Refine#1" [stack: 0x000000860d600000,0x000000860d700000] [id=16504]
  0x0000024440855530 ConcurrentGCThread "G1 Refine#2" [stack: 0x000000860ff00000,0x0000008610000000] [id=19608]
  0x0000024440855820 ConcurrentGCThread "G1 Refine#3" [stack: 0x0000008610000000,0x0000008610100000] [id=4684]
  0x0000024440855b10 ConcurrentGCThread "G1 Refine#4" [stack: 0x0000008610100000,0x0000008610200000] [id=26744]
  0x000002440895dbb0 ConcurrentGCThread "G1 Service" [stack: 0x0000008607c00000,0x0000008607d00000] [id=25844]

Threads with active compile tasks:
C2 CompilerThread0  19663152 13231   !   4       groovyjarjarantlr4.v4.runtime.atn.ParserATNSimulator::adaptivePredict (341 bytes)
C1 CompilerThread0  19663152 13283       3       org.apache.groovy.ast.tools.MethodNodeUtils::getPropertyName (196 bytes)
C2 CompilerThread1  19663153 13200       4       groovyjarjarantlr4.v4.runtime.atn.ParserATNSimulator::computeTargetState (617 bytes)
C2 CompilerThread2  19663153 13221       4       groovyjarjarantlr4.v4.runtime.atn.ParserATNSimulator::isConflicted (860 bytes)

VM state: not at safepoint (normal execution)

VM Mutex/Monitor currently owned by a thread: None

Heap address: 0x00000000e0000000, size: 512 MB, Compressed Oops mode: 32-bit

CDS archive(s) mapped at: [0x0000024424000000-0x0000024424bd0000-0x0000024424bd0000), size 12386304, SharedBaseAddress: 0x0000024424000000, ArchiveRelocationMode: 1.
Compressed class space mapped at: 0x0000024425000000-0x0000024439000000, reserved size: 335544320
Narrow klass base: 0x0000024424000000, Narrow klass shift: 0, Narrow klass range: 0x100000000

GC Precious Log:
 CPUs: 8 total, 8 available
 Memory: 8099M
 Large Page Support: Disabled
 NUMA Support: Disabled
 Compressed Oops: Enabled (32-bit)
 Heap Region Size: 1M
 Heap Min Capacity: 256M
 Heap Initial Capacity: 256M
 Heap Max Capacity: 512M
 Pre-touch: Disabled
 Parallel Workers: 8
 Concurrent Workers: 2
 Concurrent Refinement Workers: 8
 Periodic GC: Disabled

Heap:
 garbage-first heap   total 262144K, used 186200K [0x00000000e0000000, 0x0000000100000000)
  region size 1024K, 80 young (81920K), 3 survivors (3072K)
 Metaspace       used 68472K, committed 69248K, reserved 393216K
  class space    used 9569K, committed 9920K, reserved 327680K

Heap Regions: E=young(eden), S=young(survivor), O=old, HS=humongous(starts), HC=humongous(continues), CS=collection set, F=free, OA=open archive, CA=closed archive, TAMS=top-at-mark-start (previous, next)
|   0|0x00000000e0000000, 0x00000000e0100000, 0x00000000e0100000|100%| O|  |TAMS 0x00000000e0100000, 0x00000000e0000000| Untracked 
|   1|0x00000000e0100000, 0x00000000e0200000, 0x00000000e0200000|100%| O|  |TAMS 0x00000000e0200000, 0x00000000e0100000| Untracked 
|   2|0x00000000e0200000, 0x00000000e0300000, 0x00000000e0300000|100%|HS|  |TAMS 0x00000000e0300000, 0x00000000e0200000| Complete 
|   3|0x00000000e0300000, 0x00000000e0400000, 0x00000000e0400000|100%|HC|  |TAMS 0x00000000e0400000, 0x00000000e0300000| Complete 
|   4|0x00000000e0400000, 0x00000000e0500000, 0x00000000e0500000|100%|HC|  |TAMS 0x00000000e0500000, 0x00000000e0400000| Complete 
|   5|0x00000000e0500000, 0x00000000e0600000, 0x00000000e0600000|100%|HC|  |TAMS 0x00000000e0600000, 0x00000000e0500000| Complete 
|   6|0x00000000e0600000, 0x00000000e0700000, 0x00000000e0700000|100%| O|  |TAMS 0x00000000e0700000, 0x00000000e0600000| Untracked 
|   7|0x00000000e0700000, 0x00000000e0800000, 0x00000000e0800000|100%| O|  |TAMS 0x00000000e0800000, 0x00000000e0700000| Untracked 
|   8|0x00000000e0800000, 0x00000000e0900000, 0x00000000e0900000|100%| O|  |TAMS 0x00000000e0900000, 0x00000000e0800000| Untracked 
|   9|0x00000000e0900000, 0x00000000e0a00000, 0x00000000e0a00000|100%|HS|  |TAMS 0x00000000e0a00000, 0x00000000e0900000| Complete 
|  10|0x00000000e0a00000, 0x00000000e0b00000, 0x00000000e0b00000|100%| O|  |TAMS 0x00000000e0b00000, 0x00000000e0a00000| Untracked 
|  11|0x00000000e0b00000, 0x00000000e0c00000, 0x00000000e0c00000|100%| O|  |TAMS 0x00000000e0c00000, 0x00000000e0b00000| Untracked 
|  12|0x00000000e0c00000, 0x00000000e0d00000, 0x00000000e0d00000|100%| O|  |TAMS 0x00000000e0d00000, 0x00000000e0c00000| Untracked 
|  13|0x00000000e0d00000, 0x00000000e0e00000, 0x00000000e0e00000|100%| O|  |TAMS 0x00000000e0e00000, 0x00000000e0d00000| Untracked 
|  14|0x00000000e0e00000, 0x00000000e0f00000, 0x00000000e0f00000|100%| O|  |TAMS 0x00000000e0f00000, 0x00000000e0e00000| Untracked 
|  15|0x00000000e0f00000, 0x00000000e1000000, 0x00000000e1000000|100%| O|  |TAMS 0x00000000e1000000, 0x00000000e0f00000| Untracked 
|  16|0x00000000e1000000, 0x00000000e1100000, 0x00000000e1100000|100%| O|  |TAMS 0x00000000e1100000, 0x00000000e1000000| Untracked 
|  17|0x00000000e1100000, 0x00000000e1200000, 0x00000000e1200000|100%| O|  |TAMS 0x00000000e1200000, 0x00000000e1100000| Untracked 
|  18|0x00000000e1200000, 0x00000000e1300000, 0x00000000e1300000|100%| O|  |TAMS 0x00000000e1300000, 0x00000000e1200000| Untracked 
|  19|0x00000000e1300000, 0x00000000e1400000, 0x00000000e1400000|100%| O|  |TAMS 0x00000000e1400000, 0x00000000e1300000| Untracked 
|  20|0x00000000e1400000, 0x00000000e1500000, 0x00000000e1500000|100%| O|  |TAMS 0x00000000e1500000, 0x00000000e1400000| Untracked 
|  21|0x00000000e1500000, 0x00000000e1600000, 0x00000000e1600000|100%| O|  |TAMS 0x00000000e1600000, 0x00000000e1500000| Untracked 
|  22|0x00000000e1600000, 0x00000000e1700000, 0x00000000e1700000|100%| O|  |TAMS 0x00000000e1700000, 0x00000000e1600000| Untracked 
|  23|0x00000000e1700000, 0x00000000e1800000, 0x00000000e1800000|100%| O|  |TAMS 0x00000000e1800000, 0x00000000e1700000| Untracked 
|  24|0x00000000e1800000, 0x00000000e1900000, 0x00000000e1900000|100%| O|  |TAMS 0x00000000e1900000, 0x00000000e1800000| Untracked 
|  25|0x00000000e1900000, 0x00000000e1a00000, 0x00000000e1a00000|100%| O|  |TAMS 0x00000000e1a00000, 0x00000000e1900000| Untracked 
|  26|0x00000000e1a00000, 0x00000000e1b00000, 0x00000000e1b00000|100%| O|  |TAMS 0x00000000e1b00000, 0x00000000e1a00000| Untracked 
|  27|0x00000000e1b00000, 0x00000000e1c00000, 0x00000000e1c00000|100%| O|  |TAMS 0x00000000e1c00000, 0x00000000e1b00000| Untracked 
|  28|0x00000000e1c00000, 0x00000000e1d00000, 0x00000000e1d00000|100%| O|  |TAMS 0x00000000e1d00000, 0x00000000e1c00000| Untracked 
|  29|0x00000000e1d00000, 0x00000000e1e00000, 0x00000000e1e00000|100%| O|  |TAMS 0x00000000e1e00000, 0x00000000e1d00000| Untracked 
|  30|0x00000000e1e00000, 0x00000000e1f00000, 0x00000000e1f00000|100%| O|  |TAMS 0x00000000e1f00000, 0x00000000e1e00000| Untracked 
|  31|0x00000000e1f00000, 0x00000000e2000000, 0x00000000e2000000|100%| O|  |TAMS 0x00000000e2000000, 0x00000000e1f00000| Untracked 
|  32|0x00000000e2000000, 0x00000000e2100000, 0x00000000e2100000|100%| O|  |TAMS 0x00000000e2100000, 0x00000000e2000000| Untracked 
|  33|0x00000000e2100000, 0x00000000e2200000, 0x00000000e2200000|100%| O|  |TAMS 0x00000000e2200000, 0x00000000e2100000| Untracked 
|  34|0x00000000e2200000, 0x00000000e2300000, 0x00000000e2300000|100%| O|  |TAMS 0x00000000e2300000, 0x00000000e2200000| Untracked 
|  35|0x00000000e2300000, 0x00000000e2400000, 0x00000000e2400000|100%| O|  |TAMS 0x00000000e2400000, 0x00000000e2300000| Untracked 
|  36|0x00000000e2400000, 0x00000000e2500000, 0x00000000e2500000|100%| O|  |TAMS 0x00000000e2500000, 0x00000000e2400000| Untracked 
|  37|0x00000000e2500000, 0x00000000e2600000, 0x00000000e2600000|100%| O|  |TAMS 0x00000000e2600000, 0x00000000e2500000| Untracked 
|  38|0x00000000e2600000, 0x00000000e2700000, 0x00000000e2700000|100%| O|  |TAMS 0x00000000e2700000, 0x00000000e2600000| Untracked 
|  39|0x00000000e2700000, 0x00000000e2800000, 0x00000000e2800000|100%| O|  |TAMS 0x00000000e2800000, 0x00000000e2700000| Untracked 
|  40|0x00000000e2800000, 0x00000000e2900000, 0x00000000e2900000|100%| O|  |TAMS 0x00000000e2900000, 0x00000000e2800000| Untracked 
|  41|0x00000000e2900000, 0x00000000e2a00000, 0x00000000e2a00000|100%| O|  |TAMS 0x00000000e2a00000, 0x00000000e2900000| Untracked 
|  42|0x00000000e2a00000, 0x00000000e2b00000, 0x00000000e2b00000|100%| O|  |TAMS 0x00000000e2b00000, 0x00000000e2a00000| Untracked 
|  43|0x00000000e2b00000, 0x00000000e2c00000, 0x00000000e2c00000|100%| O|  |TAMS 0x00000000e2c00000, 0x00000000e2b00000| Untracked 
|  44|0x00000000e2c00000, 0x00000000e2d00000, 0x00000000e2d00000|100%| O|  |TAMS 0x00000000e2d00000, 0x00000000e2c00000| Untracked 
|  45|0x00000000e2d00000, 0x00000000e2e00000, 0x00000000e2e00000|100%| O|  |TAMS 0x00000000e2e00000, 0x00000000e2d00000| Untracked 
|  46|0x00000000e2e00000, 0x00000000e2f00000, 0x00000000e2f00000|100%| O|  |TAMS 0x00000000e2f00000, 0x00000000e2e00000| Untracked 
|  47|0x00000000e2f00000, 0x00000000e3000000, 0x00000000e3000000|100%| O|  |TAMS 0x00000000e3000000, 0x00000000e2f00000| Untracked 
|  48|0x00000000e3000000, 0x00000000e3100000, 0x00000000e3100000|100%| O|  |TAMS 0x00000000e3100000, 0x00000000e3000000| Untracked 
|  49|0x00000000e3100000, 0x00000000e3200000, 0x00000000e3200000|100%| O|  |TAMS 0x00000000e31aec00, 0x00000000e3100000| Untracked 
|  50|0x00000000e3200000, 0x00000000e3300000, 0x00000000e3300000|100%| O|  |TAMS 0x00000000e3200000, 0x00000000e3200000| Untracked 
|  51|0x00000000e3300000, 0x00000000e3400000, 0x00000000e3400000|100%| O|  |TAMS 0x00000000e3300000, 0x00000000e3300000| Untracked 
|  52|0x00000000e3400000, 0x00000000e3500000, 0x00000000e3500000|100%| O|  |TAMS 0x00000000e3400000, 0x00000000e3400000| Untracked 
|  53|0x00000000e3500000, 0x00000000e3600000, 0x00000000e3600000|100%| O|  |TAMS 0x00000000e3500000, 0x00000000e3500000| Untracked 
|  54|0x00000000e3600000, 0x00000000e3700000, 0x00000000e3700000|100%| O|  |TAMS 0x00000000e3600000, 0x00000000e3600000| Untracked 
|  55|0x00000000e3700000, 0x00000000e3800000, 0x00000000e3800000|100%| O|  |TAMS 0x00000000e3700000, 0x00000000e3700000| Untracked 
|  56|0x00000000e3800000, 0x00000000e3900000, 0x00000000e3900000|100%| O|  |TAMS 0x00000000e3800000, 0x00000000e3800000| Untracked 
|  57|0x00000000e3900000, 0x00000000e3a00000, 0x00000000e3a00000|100%| O|  |TAMS 0x00000000e3900000, 0x00000000e3900000| Untracked 
|  58|0x00000000e3a00000, 0x00000000e3b00000, 0x00000000e3b00000|100%| O|  |TAMS 0x00000000e3a00000, 0x00000000e3a00000| Untracked 
|  59|0x00000000e3b00000, 0x00000000e3c00000, 0x00000000e3c00000|100%| O|  |TAMS 0x00000000e3b00000, 0x00000000e3b00000| Untracked 
|  60|0x00000000e3c00000, 0x00000000e3d00000, 0x00000000e3d00000|100%|HS|  |TAMS 0x00000000e3c00000, 0x00000000e3c00000| Complete 
|  61|0x00000000e3d00000, 0x00000000e3e00000, 0x00000000e3e00000|100%|HC|  |TAMS 0x00000000e3d00000, 0x00000000e3d00000| Complete 
|  62|0x00000000e3e00000, 0x00000000e3f00000, 0x00000000e3f00000|100%|HC|  |TAMS 0x00000000e3e00000, 0x00000000e3e00000| Complete 
|  63|0x00000000e3f00000, 0x00000000e4000000, 0x00000000e4000000|100%|HC|  |TAMS 0x00000000e3f00000, 0x00000000e3f00000| Complete 
|  64|0x00000000e4000000, 0x00000000e4100000, 0x00000000e4100000|100%|HC|  |TAMS 0x00000000e4000000, 0x00000000e4000000| Complete 
|  65|0x00000000e4100000, 0x00000000e4200000, 0x00000000e4200000|100%|HC|  |TAMS 0x00000000e4100000, 0x00000000e4100000| Complete 
|  66|0x00000000e4200000, 0x00000000e4300000, 0x00000000e4300000|100%|HS|  |TAMS 0x00000000e4200000, 0x00000000e4200000| Complete 
|  67|0x00000000e4300000, 0x00000000e4400000, 0x00000000e4400000|100%|HC|  |TAMS 0x00000000e4300000, 0x00000000e4300000| Complete 
|  68|0x00000000e4400000, 0x00000000e4500000, 0x00000000e4500000|100%|HC|  |TAMS 0x00000000e4400000, 0x00000000e4400000| Complete 
|  69|0x00000000e4500000, 0x00000000e4600000, 0x00000000e4600000|100%|HS|  |TAMS 0x00000000e4500000, 0x00000000e4500000| Complete 
|  70|0x00000000e4600000, 0x00000000e4700000, 0x00000000e4700000|100%|HC|  |TAMS 0x00000000e4600000, 0x00000000e4600000| Complete 
|  71|0x00000000e4700000, 0x00000000e4800000, 0x00000000e4800000|100%|HS|  |TAMS 0x00000000e4700000, 0x00000000e4700000| Complete 
|  72|0x00000000e4800000, 0x00000000e4900000, 0x00000000e4900000|100%|HS|  |TAMS 0x00000000e4800000, 0x00000000e4800000| Complete 
|  73|0x00000000e4900000, 0x00000000e4a00000, 0x00000000e4a00000|100%|HC|  |TAMS 0x00000000e4900000, 0x00000000e4900000| Complete 
|  74|0x00000000e4a00000, 0x00000000e4b00000, 0x00000000e4b00000|100%|HC|  |TAMS 0x00000000e4a00000, 0x00000000e4a00000| Complete 
|  75|0x00000000e4b00000, 0x00000000e4c00000, 0x00000000e4c00000|100%|HC|  |TAMS 0x00000000e4b00000, 0x00000000e4b00000| Complete 
|  76|0x00000000e4c00000, 0x00000000e4d00000, 0x00000000e4d00000|100%|HC|  |TAMS 0x00000000e4c00000, 0x00000000e4c00000| Complete 
|  77|0x00000000e4d00000, 0x00000000e4e00000, 0x00000000e4e00000|100%|HC|  |TAMS 0x00000000e4d00000, 0x00000000e4d00000| Complete 
|  78|0x00000000e4e00000, 0x00000000e4f00000, 0x00000000e4f00000|100%|HS|  |TAMS 0x00000000e4e00000, 0x00000000e4e00000| Complete 
|  79|0x00000000e4f00000, 0x00000000e5000000, 0x00000000e5000000|100%|HC|  |TAMS 0x00000000e4f00000, 0x00000000e4f00000| Complete 
|  80|0x00000000e5000000, 0x00000000e5100000, 0x00000000e5100000|100%|HC|  |TAMS 0x00000000e5000000, 0x00000000e5000000| Complete 
|  81|0x00000000e5100000, 0x00000000e5200000, 0x00000000e5200000|100%|HS|  |TAMS 0x00000000e5100000, 0x00000000e5100000| Complete 
|  82|0x00000000e5200000, 0x00000000e5300000, 0x00000000e5300000|100%|HC|  |TAMS 0x00000000e5200000, 0x00000000e5200000| Complete 
|  83|0x00000000e5300000, 0x00000000e5400000, 0x00000000e5400000|100%|HS|  |TAMS 0x00000000e5300000, 0x00000000e5300000| Complete 
|  84|0x00000000e5400000, 0x00000000e5500000, 0x00000000e5500000|100%| O|  |TAMS 0x00000000e5400000, 0x00000000e5400000| Untracked 
|  85|0x00000000e5500000, 0x00000000e5600000, 0x00000000e5600000|100%| O|  |TAMS 0x00000000e5500000, 0x00000000e5500000| Untracked 
|  86|0x00000000e5600000, 0x00000000e5700000, 0x00000000e5700000|100%| O|  |TAMS 0x00000000e5600000, 0x00000000e5600000| Untracked 
|  87|0x00000000e5700000, 0x00000000e5800000, 0x00000000e5800000|100%| O|  |TAMS 0x00000000e5700000, 0x00000000e5700000| Untracked 
|  88|0x00000000e5800000, 0x00000000e5900000, 0x00000000e5900000|100%| O|  |TAMS 0x00000000e5800000, 0x00000000e5800000| Untracked 
|  89|0x00000000e5900000, 0x00000000e5a00000, 0x00000000e5a00000|100%| O|  |TAMS 0x00000000e5900000, 0x00000000e5900000| Untracked 
|  90|0x00000000e5a00000, 0x00000000e5b00000, 0x00000000e5b00000|100%| O|  |TAMS 0x00000000e5a00000, 0x00000000e5a00000| Untracked 
|  91|0x00000000e5b00000, 0x00000000e5c00000, 0x00000000e5c00000|100%| O|  |TAMS 0x00000000e5b00000, 0x00000000e5b00000| Untracked 
|  92|0x00000000e5c00000, 0x00000000e5d00000, 0x00000000e5d00000|100%| O|  |TAMS 0x00000000e5c00000, 0x00000000e5c00000| Untracked 
|  93|0x00000000e5d00000, 0x00000000e5e00000, 0x00000000e5e00000|100%| O|  |TAMS 0x00000000e5d00000, 0x00000000e5d00000| Untracked 
|  94|0x00000000e5e00000, 0x00000000e5f00000, 0x00000000e5f00000|100%| O|  |TAMS 0x00000000e5e00000, 0x00000000e5e00000| Untracked 
|  95|0x00000000e5f00000, 0x00000000e5fd6200, 0x00000000e6000000| 83%| O|  |TAMS 0x00000000e5f00000, 0x00000000e5f00000| Untracked 
|  96|0x00000000e6000000, 0x00000000e6100000, 0x00000000e6100000|100%|HS|  |TAMS 0x00000000e6000000, 0x00000000e6000000| Complete 
|  97|0x00000000e6100000, 0x00000000e6200000, 0x00000000e6200000|100%|HC|  |TAMS 0x00000000e6100000, 0x00000000e6100000| Complete 
|  98|0x00000000e6200000, 0x00000000e6300000, 0x00000000e6300000|100%|HS|  |TAMS 0x00000000e6200000, 0x00000000e6200000| Complete 
|  99|0x00000000e6300000, 0x00000000e6400000, 0x00000000e6400000|100%|HC|  |TAMS 0x00000000e6300000, 0x00000000e6300000| Complete 
| 100|0x00000000e6400000, 0x00000000e6500000, 0x00000000e6500000|100%|HC|  |TAMS 0x00000000e6400000, 0x00000000e6400000| Complete 
| 101|0x00000000e6500000, 0x00000000e6600000, 0x00000000e6600000|100%|HC|  |TAMS 0x00000000e6500000, 0x00000000e6500000| Complete 
| 102|0x00000000e6600000, 0x00000000e6700000, 0x00000000e6700000|100%|HC|  |TAMS 0x00000000e6600000, 0x00000000e6600000| Complete 
| 103|0x00000000e6700000, 0x00000000e6800000, 0x00000000e6800000|100%|HC|  |TAMS 0x00000000e6700000, 0x00000000e6700000| Complete 
| 104|0x00000000e6800000, 0x00000000e6800000, 0x00000000e6900000|  0%| F|  |TAMS 0x00000000e6800000, 0x00000000e6800000| Untracked 
| 105|0x00000000e6900000, 0x00000000e6900000, 0x00000000e6a00000|  0%| F|  |TAMS 0x00000000e6900000, 0x00000000e6900000| Untracked 
| 106|0x00000000e6a00000, 0x00000000e6a00000, 0x00000000e6b00000|  0%| F|  |TAMS 0x00000000e6a00000, 0x00000000e6a00000| Untracked 
| 107|0x00000000e6b00000, 0x00000000e6b00000, 0x00000000e6c00000|  0%| F|  |TAMS 0x00000000e6b00000, 0x00000000e6b00000| Untracked 
| 108|0x00000000e6c00000, 0x00000000e6c00000, 0x00000000e6d00000|  0%| F|  |TAMS 0x00000000e6c00000, 0x00000000e6c00000| Untracked 
| 109|0x00000000e6d00000, 0x00000000e6d00000, 0x00000000e6e00000|  0%| F|  |TAMS 0x00000000e6d00000, 0x00000000e6d00000| Untracked 
| 110|0x00000000e6e00000, 0x00000000e6e00000, 0x00000000e6f00000|  0%| F|  |TAMS 0x00000000e6e00000, 0x00000000e6e00000| Untracked 
| 111|0x00000000e6f00000, 0x00000000e6f00000, 0x00000000e7000000|  0%| F|  |TAMS 0x00000000e6f00000, 0x00000000e6f00000| Untracked 
| 112|0x00000000e7000000, 0x00000000e7000000, 0x00000000e7100000|  0%| F|  |TAMS 0x00000000e7000000, 0x00000000e7000000| Untracked 
| 113|0x00000000e7100000, 0x00000000e7100000, 0x00000000e7200000|  0%| F|  |TAMS 0x00000000e7100000, 0x00000000e7100000| Untracked 
| 114|0x00000000e7200000, 0x00000000e7200000, 0x00000000e7300000|  0%| F|  |TAMS 0x00000000e7200000, 0x00000000e7200000| Untracked 
| 115|0x00000000e7300000, 0x00000000e7300000, 0x00000000e7400000|  0%| F|  |TAMS 0x00000000e7300000, 0x00000000e7300000| Untracked 
| 116|0x00000000e7400000, 0x00000000e7400000, 0x00000000e7500000|  0%| F|  |TAMS 0x00000000e7400000, 0x00000000e7400000| Untracked 
| 117|0x00000000e7500000, 0x00000000e7500000, 0x00000000e7600000|  0%| F|  |TAMS 0x00000000e7500000, 0x00000000e7500000| Untracked 
| 118|0x00000000e7600000, 0x00000000e7600000, 0x00000000e7700000|  0%| F|  |TAMS 0x00000000e7600000, 0x00000000e7600000| Untracked 
| 119|0x00000000e7700000, 0x00000000e7700000, 0x00000000e7800000|  0%| F|  |TAMS 0x00000000e7700000, 0x00000000e7700000| Untracked 
| 120|0x00000000e7800000, 0x00000000e7800000, 0x00000000e7900000|  0%| F|  |TAMS 0x00000000e7800000, 0x00000000e7800000| Untracked 
| 121|0x00000000e7900000, 0x00000000e7900000, 0x00000000e7a00000|  0%| F|  |TAMS 0x00000000e7900000, 0x00000000e7900000| Untracked 
| 122|0x00000000e7a00000, 0x00000000e7a00000, 0x00000000e7b00000|  0%| F|  |TAMS 0x00000000e7a00000, 0x00000000e7a00000| Untracked 
| 123|0x00000000e7b00000, 0x00000000e7b00000, 0x00000000e7c00000|  0%| F|  |TAMS 0x00000000e7b00000, 0x00000000e7b00000| Untracked 
| 124|0x00000000e7c00000, 0x00000000e7c00000, 0x00000000e7d00000|  0%| F|  |TAMS 0x00000000e7c00000, 0x00000000e7c00000| Untracked 
| 125|0x00000000e7d00000, 0x00000000e7d00000, 0x00000000e7e00000|  0%| F|  |TAMS 0x00000000e7d00000, 0x00000000e7d00000| Untracked 
| 126|0x00000000e7e00000, 0x00000000e7e00000, 0x00000000e7f00000|  0%| F|  |TAMS 0x00000000e7e00000, 0x00000000e7e00000| Untracked 
| 127|0x00000000e7f00000, 0x00000000e7f00000, 0x00000000e8000000|  0%| F|  |TAMS 0x00000000e7f00000, 0x00000000e7f00000| Untracked 
| 128|0x00000000e8000000, 0x00000000e8000000, 0x00000000e8100000|  0%| F|  |TAMS 0x00000000e8000000, 0x00000000e8000000| Untracked 
| 129|0x00000000e8100000, 0x00000000e8100000, 0x00000000e8200000|  0%| F|  |TAMS 0x00000000e8100000, 0x00000000e8100000| Untracked 
| 130|0x00000000e8200000, 0x00000000e8200000, 0x00000000e8300000|  0%| F|  |TAMS 0x00000000e8200000, 0x00000000e8200000| Untracked 
| 131|0x00000000e8300000, 0x00000000e8300000, 0x00000000e8400000|  0%| F|  |TAMS 0x00000000e8300000, 0x00000000e8300000| Untracked 
| 132|0x00000000e8400000, 0x00000000e8400000, 0x00000000e8500000|  0%| F|  |TAMS 0x00000000e8400000, 0x00000000e8400000| Untracked 
| 133|0x00000000e8500000, 0x00000000e8500000, 0x00000000e8600000|  0%| F|  |TAMS 0x00000000e8500000, 0x00000000e8500000| Untracked 
| 134|0x00000000e8600000, 0x00000000e8600000, 0x00000000e8700000|  0%| F|  |TAMS 0x00000000e8600000, 0x00000000e8600000| Untracked 
| 135|0x00000000e8700000, 0x00000000e8700000, 0x00000000e8800000|  0%| F|  |TAMS 0x00000000e8700000, 0x00000000e8700000| Untracked 
| 136|0x00000000e8800000, 0x00000000e8800000, 0x00000000e8900000|  0%| F|  |TAMS 0x00000000e8800000, 0x00000000e8800000| Untracked 
| 137|0x00000000e8900000, 0x00000000e8900000, 0x00000000e8a00000|  0%| F|  |TAMS 0x00000000e8900000, 0x00000000e8900000| Untracked 
| 138|0x00000000e8a00000, 0x00000000e8a00000, 0x00000000e8b00000|  0%| F|  |TAMS 0x00000000e8a00000, 0x00000000e8a00000| Untracked 
| 139|0x00000000e8b00000, 0x00000000e8b00000, 0x00000000e8c00000|  0%| F|  |TAMS 0x00000000e8b00000, 0x00000000e8b00000| Untracked 
| 140|0x00000000e8c00000, 0x00000000e8c00000, 0x00000000e8d00000|  0%| F|  |TAMS 0x00000000e8c00000, 0x00000000e8c00000| Untracked 
| 141|0x00000000e8d00000, 0x00000000e8d00000, 0x00000000e8e00000|  0%| F|  |TAMS 0x00000000e8d00000, 0x00000000e8d00000| Untracked 
| 142|0x00000000e8e00000, 0x00000000e8e00000, 0x00000000e8f00000|  0%| F|  |TAMS 0x00000000e8e00000, 0x00000000e8e00000| Untracked 
| 143|0x00000000e8f00000, 0x00000000e8f00000, 0x00000000e9000000|  0%| F|  |TAMS 0x00000000e8f00000, 0x00000000e8f00000| Untracked 
| 144|0x00000000e9000000, 0x00000000e9000000, 0x00000000e9100000|  0%| F|  |TAMS 0x00000000e9000000, 0x00000000e9000000| Untracked 
| 145|0x00000000e9100000, 0x00000000e9100000, 0x00000000e9200000|  0%| F|  |TAMS 0x00000000e9100000, 0x00000000e9100000| Untracked 
| 146|0x00000000e9200000, 0x00000000e9200000, 0x00000000e9300000|  0%| F|  |TAMS 0x00000000e9200000, 0x00000000e9200000| Untracked 
| 147|0x00000000e9300000, 0x00000000e9300000, 0x00000000e9400000|  0%| F|  |TAMS 0x00000000e9300000, 0x00000000e9300000| Untracked 
| 148|0x00000000e9400000, 0x00000000e9400000, 0x00000000e9500000|  0%| F|  |TAMS 0x00000000e9400000, 0x00000000e9400000| Untracked 
| 149|0x00000000e9500000, 0x00000000e9500000, 0x00000000e9600000|  0%| F|  |TAMS 0x00000000e9500000, 0x00000000e9500000| Untracked 
| 150|0x00000000e9600000, 0x00000000e9600000, 0x00000000e9700000|  0%| F|  |TAMS 0x00000000e9600000, 0x00000000e9600000| Untracked 
| 151|0x00000000e9700000, 0x00000000e9700000, 0x00000000e9800000|  0%| F|  |TAMS 0x00000000e9700000, 0x00000000e9700000| Untracked 
| 152|0x00000000e9800000, 0x00000000e9800000, 0x00000000e9900000|  0%| F|  |TAMS 0x00000000e9800000, 0x00000000e9800000| Untracked 
| 153|0x00000000e9900000, 0x00000000e9900000, 0x00000000e9a00000|  0%| F|  |TAMS 0x00000000e9900000, 0x00000000e9900000| Untracked 
| 154|0x00000000e9a00000, 0x00000000e9a00000, 0x00000000e9b00000|  0%| F|  |TAMS 0x00000000e9a00000, 0x00000000e9a00000| Untracked 
| 155|0x00000000e9b00000, 0x00000000e9b00000, 0x00000000e9c00000|  0%| F|  |TAMS 0x00000000e9b00000, 0x00000000e9b00000| Untracked 
| 156|0x00000000e9c00000, 0x00000000e9c00000, 0x00000000e9d00000|  0%| F|  |TAMS 0x00000000e9c00000, 0x00000000e9c00000| Untracked 
| 157|0x00000000e9d00000, 0x00000000e9d00000, 0x00000000e9e00000|  0%| F|  |TAMS 0x00000000e9d00000, 0x00000000e9d00000| Untracked 
| 158|0x00000000e9e00000, 0x00000000e9e00000, 0x00000000e9f00000|  0%| F|  |TAMS 0x00000000e9e00000, 0x00000000e9e00000| Untracked 
| 159|0x00000000e9f00000, 0x00000000e9f00000, 0x00000000ea000000|  0%| F|  |TAMS 0x00000000e9f00000, 0x00000000e9f00000| Untracked 
| 160|0x00000000ea000000, 0x00000000ea000000, 0x00000000ea100000|  0%| F|  |TAMS 0x00000000ea000000, 0x00000000ea000000| Untracked 
| 161|0x00000000ea100000, 0x00000000ea100000, 0x00000000ea200000|  0%| F|  |TAMS 0x00000000ea100000, 0x00000000ea100000| Untracked 
| 162|0x00000000ea200000, 0x00000000ea200000, 0x00000000ea300000|  0%| F|  |TAMS 0x00000000ea200000, 0x00000000ea200000| Untracked 
| 163|0x00000000ea300000, 0x00000000ea300000, 0x00000000ea400000|  0%| F|  |TAMS 0x00000000ea300000, 0x00000000ea300000| Untracked 
| 164|0x00000000ea400000, 0x00000000ea400000, 0x00000000ea500000|  0%| F|  |TAMS 0x00000000ea400000, 0x00000000ea400000| Untracked 
| 165|0x00000000ea500000, 0x00000000ea500000, 0x00000000ea600000|  0%| F|  |TAMS 0x00000000ea500000, 0x00000000ea500000| Untracked 
| 166|0x00000000ea600000, 0x00000000ea600000, 0x00000000ea700000|  0%| F|  |TAMS 0x00000000ea600000, 0x00000000ea600000| Untracked 
| 167|0x00000000ea700000, 0x00000000ea700000, 0x00000000ea800000|  0%| F|  |TAMS 0x00000000ea700000, 0x00000000ea700000| Untracked 
| 168|0x00000000ea800000, 0x00000000ea800000, 0x00000000ea900000|  0%| F|  |TAMS 0x00000000ea800000, 0x00000000ea800000| Untracked 
| 169|0x00000000ea900000, 0x00000000ea900000, 0x00000000eaa00000|  0%| F|  |TAMS 0x00000000ea900000, 0x00000000ea900000| Untracked 
| 170|0x00000000eaa00000, 0x00000000eaa00000, 0x00000000eab00000|  0%| F|  |TAMS 0x00000000eaa00000, 0x00000000eaa00000| Untracked 
| 171|0x00000000eab00000, 0x00000000eab00000, 0x00000000eac00000|  0%| F|  |TAMS 0x00000000eab00000, 0x00000000eab00000| Untracked 
| 172|0x00000000eac00000, 0x00000000eac00000, 0x00000000ead00000|  0%| F|  |TAMS 0x00000000eac00000, 0x00000000eac00000| Untracked 
| 173|0x00000000ead00000, 0x00000000ead00000, 0x00000000eae00000|  0%| F|  |TAMS 0x00000000ead00000, 0x00000000ead00000| Untracked 
| 174|0x00000000eae00000, 0x00000000eae00000, 0x00000000eaf00000|  0%| F|  |TAMS 0x00000000eae00000, 0x00000000eae00000| Untracked 
| 175|0x00000000eaf00000, 0x00000000eb000000, 0x00000000eb000000|100%| S|CS|TAMS 0x00000000eaf00000, 0x00000000eaf00000| Complete 
| 176|0x00000000eb000000, 0x00000000eb100000, 0x00000000eb100000|100%| S|CS|TAMS 0x00000000eb000000, 0x00000000eb000000| Complete 
| 177|0x00000000eb100000, 0x00000000eb200000, 0x00000000eb200000|100%| S|CS|TAMS 0x00000000eb100000, 0x00000000eb100000| Complete 
| 178|0x00000000eb200000, 0x00000000eb200000, 0x00000000eb300000|  0%| F|  |TAMS 0x00000000eb200000, 0x00000000eb200000| Untracked 
| 179|0x00000000eb300000, 0x00000000eb380800, 0x00000000eb400000| 50%| E|  |TAMS 0x00000000eb300000, 0x00000000eb300000| Complete 
| 180|0x00000000eb400000, 0x00000000eb500000, 0x00000000eb500000|100%| E|CS|TAMS 0x00000000eb400000, 0x00000000eb400000| Complete 
| 181|0x00000000eb500000, 0x00000000eb600000, 0x00000000eb600000|100%| E|CS|TAMS 0x00000000eb500000, 0x00000000eb500000| Complete 
| 182|0x00000000eb600000, 0x00000000eb700000, 0x00000000eb700000|100%| E|CS|TAMS 0x00000000eb600000, 0x00000000eb600000| Complete 
| 183|0x00000000eb700000, 0x00000000eb800000, 0x00000000eb800000|100%| E|CS|TAMS 0x00000000eb700000, 0x00000000eb700000| Complete 
| 184|0x00000000eb800000, 0x00000000eb900000, 0x00000000eb900000|100%| E|CS|TAMS 0x00000000eb800000, 0x00000000eb800000| Complete 
| 185|0x00000000eb900000, 0x00000000eba00000, 0x00000000eba00000|100%| E|CS|TAMS 0x00000000eb900000, 0x00000000eb900000| Complete 
| 186|0x00000000eba00000, 0x00000000ebb00000, 0x00000000ebb00000|100%| E|CS|TAMS 0x00000000eba00000, 0x00000000eba00000| Complete 
| 187|0x00000000ebb00000, 0x00000000ebc00000, 0x00000000ebc00000|100%| E|CS|TAMS 0x00000000ebb00000, 0x00000000ebb00000| Complete 
| 188|0x00000000ebc00000, 0x00000000ebd00000, 0x00000000ebd00000|100%| E|CS|TAMS 0x00000000ebc00000, 0x00000000ebc00000| Complete 
| 189|0x00000000ebd00000, 0x00000000ebe00000, 0x00000000ebe00000|100%| E|CS|TAMS 0x00000000ebd00000, 0x00000000ebd00000| Complete 
| 190|0x00000000ebe00000, 0x00000000ebf00000, 0x00000000ebf00000|100%| E|CS|TAMS 0x00000000ebe00000, 0x00000000ebe00000| Complete 
| 191|0x00000000ebf00000, 0x00000000ec000000, 0x00000000ec000000|100%| E|CS|TAMS 0x00000000ebf00000, 0x00000000ebf00000| Complete 
| 192|0x00000000ec000000, 0x00000000ec100000, 0x00000000ec100000|100%| E|CS|TAMS 0x00000000ec000000, 0x00000000ec000000| Complete 
| 193|0x00000000ec100000, 0x00000000ec200000, 0x00000000ec200000|100%| E|CS|TAMS 0x00000000ec100000, 0x00000000ec100000| Complete 
| 194|0x00000000ec200000, 0x00000000ec300000, 0x00000000ec300000|100%| E|CS|TAMS 0x00000000ec200000, 0x00000000ec200000| Complete 
| 195|0x00000000ec300000, 0x00000000ec400000, 0x00000000ec400000|100%| E|CS|TAMS 0x00000000ec300000, 0x00000000ec300000| Complete 
| 196|0x00000000ec400000, 0x00000000ec500000, 0x00000000ec500000|100%| E|CS|TAMS 0x00000000ec400000, 0x00000000ec400000| Complete 
| 197|0x00000000ec500000, 0x00000000ec600000, 0x00000000ec600000|100%| E|CS|TAMS 0x00000000ec500000, 0x00000000ec500000| Complete 
| 198|0x00000000ec600000, 0x00000000ec700000, 0x00000000ec700000|100%| E|CS|TAMS 0x00000000ec600000, 0x00000000ec600000| Complete 
| 199|0x00000000ec700000, 0x00000000ec800000, 0x00000000ec800000|100%| E|CS|TAMS 0x00000000ec700000, 0x00000000ec700000| Complete 
| 200|0x00000000ec800000, 0x00000000ec900000, 0x00000000ec900000|100%| E|CS|TAMS 0x00000000ec800000, 0x00000000ec800000| Complete 
| 201|0x00000000ec900000, 0x00000000eca00000, 0x00000000eca00000|100%| E|CS|TAMS 0x00000000ec900000, 0x00000000ec900000| Complete 
| 202|0x00000000eca00000, 0x00000000ecb00000, 0x00000000ecb00000|100%| E|CS|TAMS 0x00000000eca00000, 0x00000000eca00000| Complete 
| 203|0x00000000ecb00000, 0x00000000ecc00000, 0x00000000ecc00000|100%| E|CS|TAMS 0x00000000ecb00000, 0x00000000ecb00000| Complete 
| 204|0x00000000ecc00000, 0x00000000ecd00000, 0x00000000ecd00000|100%| E|CS|TAMS 0x00000000ecc00000, 0x00000000ecc00000| Complete 
| 205|0x00000000ecd00000, 0x00000000ece00000, 0x00000000ece00000|100%| E|CS|TAMS 0x00000000ecd00000, 0x00000000ecd00000| Complete 
| 206|0x00000000ece00000, 0x00000000ecf00000, 0x00000000ecf00000|100%| E|CS|TAMS 0x00000000ece00000, 0x00000000ece00000| Complete 
| 207|0x00000000ecf00000, 0x00000000ed000000, 0x00000000ed000000|100%| E|CS|TAMS 0x00000000ecf00000, 0x00000000ecf00000| Complete 
| 208|0x00000000ed000000, 0x00000000ed100000, 0x00000000ed100000|100%| E|CS|TAMS 0x00000000ed000000, 0x00000000ed000000| Complete 
| 209|0x00000000ed100000, 0x00000000ed200000, 0x00000000ed200000|100%| E|CS|TAMS 0x00000000ed100000, 0x00000000ed100000| Complete 
| 210|0x00000000ed200000, 0x00000000ed300000, 0x00000000ed300000|100%| E|CS|TAMS 0x00000000ed200000, 0x00000000ed200000| Complete 
| 211|0x00000000ed300000, 0x00000000ed400000, 0x00000000ed400000|100%| E|CS|TAMS 0x00000000ed300000, 0x00000000ed300000| Complete 
| 212|0x00000000ed400000, 0x00000000ed500000, 0x00000000ed500000|100%| E|CS|TAMS 0x00000000ed400000, 0x00000000ed400000| Complete 
| 213|0x00000000ed500000, 0x00000000ed600000, 0x00000000ed600000|100%| E|CS|TAMS 0x00000000ed500000, 0x00000000ed500000| Complete 
| 214|0x00000000ed600000, 0x00000000ed700000, 0x00000000ed700000|100%| E|CS|TAMS 0x00000000ed600000, 0x00000000ed600000| Complete 
| 215|0x00000000ed700000, 0x00000000ed800000, 0x00000000ed800000|100%| E|CS|TAMS 0x00000000ed700000, 0x00000000ed700000| Complete 
| 216|0x00000000ed800000, 0x00000000ed900000, 0x00000000ed900000|100%| E|CS|TAMS 0x00000000ed800000, 0x00000000ed800000| Complete 
| 217|0x00000000ed900000, 0x00000000eda00000, 0x00000000eda00000|100%| E|CS|TAMS 0x00000000ed900000, 0x00000000ed900000| Complete 
| 218|0x00000000eda00000, 0x00000000edb00000, 0x00000000edb00000|100%| E|CS|TAMS 0x00000000eda00000, 0x00000000eda00000| Complete 
| 219|0x00000000edb00000, 0x00000000edc00000, 0x00000000edc00000|100%| E|CS|TAMS 0x00000000edb00000, 0x00000000edb00000| Complete 
| 220|0x00000000edc00000, 0x00000000edd00000, 0x00000000edd00000|100%| E|CS|TAMS 0x00000000edc00000, 0x00000000edc00000| Complete 
| 221|0x00000000edd00000, 0x00000000ede00000, 0x00000000ede00000|100%| E|CS|TAMS 0x00000000edd00000, 0x00000000edd00000| Complete 
| 222|0x00000000ede00000, 0x00000000edf00000, 0x00000000edf00000|100%| E|CS|TAMS 0x00000000ede00000, 0x00000000ede00000| Complete 
| 223|0x00000000edf00000, 0x00000000ee000000, 0x00000000ee000000|100%| E|CS|TAMS 0x00000000edf00000, 0x00000000edf00000| Complete 
| 224|0x00000000ee000000, 0x00000000ee100000, 0x00000000ee100000|100%| E|CS|TAMS 0x00000000ee000000, 0x00000000ee000000| Complete 
| 225|0x00000000ee100000, 0x00000000ee200000, 0x00000000ee200000|100%| E|CS|TAMS 0x00000000ee100000, 0x00000000ee100000| Complete 
| 226|0x00000000ee200000, 0x00000000ee300000, 0x00000000ee300000|100%| E|CS|TAMS 0x00000000ee200000, 0x00000000ee200000| Complete 
| 227|0x00000000ee300000, 0x00000000ee400000, 0x00000000ee400000|100%| E|CS|TAMS 0x00000000ee300000, 0x00000000ee300000| Complete 
| 228|0x00000000ee400000, 0x00000000ee500000, 0x00000000ee500000|100%| E|CS|TAMS 0x00000000ee400000, 0x00000000ee400000| Complete 
| 229|0x00000000ee500000, 0x00000000ee600000, 0x00000000ee600000|100%| E|CS|TAMS 0x00000000ee500000, 0x00000000ee500000| Complete 
| 230|0x00000000ee600000, 0x00000000ee700000, 0x00000000ee700000|100%| E|CS|TAMS 0x00000000ee600000, 0x00000000ee600000| Complete 
| 231|0x00000000ee700000, 0x00000000ee800000, 0x00000000ee800000|100%| E|CS|TAMS 0x00000000ee700000, 0x00000000ee700000| Complete 
| 232|0x00000000ee800000, 0x00000000ee900000, 0x00000000ee900000|100%| E|CS|TAMS 0x00000000ee800000, 0x00000000ee800000| Complete 
| 233|0x00000000ee900000, 0x00000000eea00000, 0x00000000eea00000|100%| E|CS|TAMS 0x00000000ee900000, 0x00000000ee900000| Complete 
| 234|0x00000000eea00000, 0x00000000eeb00000, 0x00000000eeb00000|100%| E|CS|TAMS 0x00000000eea00000, 0x00000000eea00000| Complete 
| 235|0x00000000eeb00000, 0x00000000eec00000, 0x00000000eec00000|100%| E|CS|TAMS 0x00000000eeb00000, 0x00000000eeb00000| Complete 
| 236|0x00000000eec00000, 0x00000000eed00000, 0x00000000eed00000|100%| E|CS|TAMS 0x00000000eec00000, 0x00000000eec00000| Complete 
| 237|0x00000000eed00000, 0x00000000eee00000, 0x00000000eee00000|100%| E|CS|TAMS 0x00000000eed00000, 0x00000000eed00000| Complete 
| 238|0x00000000eee00000, 0x00000000eef00000, 0x00000000eef00000|100%| E|CS|TAMS 0x00000000eee00000, 0x00000000eee00000| Complete 
| 239|0x00000000eef00000, 0x00000000ef000000, 0x00000000ef000000|100%| E|CS|TAMS 0x00000000eef00000, 0x00000000eef00000| Complete 
| 240|0x00000000ef000000, 0x00000000ef100000, 0x00000000ef100000|100%| E|CS|TAMS 0x00000000ef000000, 0x00000000ef000000| Complete 
| 241|0x00000000ef100000, 0x00000000ef200000, 0x00000000ef200000|100%| E|  |TAMS 0x00000000ef100000, 0x00000000ef100000| Complete 
| 242|0x00000000ef200000, 0x00000000ef300000, 0x00000000ef300000|100%| E|CS|TAMS 0x00000000ef200000, 0x00000000ef200000| Complete 
| 243|0x00000000ef300000, 0x00000000ef400000, 0x00000000ef400000|100%| E|CS|TAMS 0x00000000ef300000, 0x00000000ef300000| Complete 
| 244|0x00000000ef400000, 0x00000000ef500000, 0x00000000ef500000|100%| E|CS|TAMS 0x00000000ef400000, 0x00000000ef400000| Complete 
| 245|0x00000000ef500000, 0x00000000ef600000, 0x00000000ef600000|100%| E|CS|TAMS 0x00000000ef500000, 0x00000000ef500000| Complete 
| 246|0x00000000ef600000, 0x00000000ef700000, 0x00000000ef700000|100%| E|CS|TAMS 0x00000000ef600000, 0x00000000ef600000| Complete 
| 247|0x00000000ef700000, 0x00000000ef800000, 0x00000000ef800000|100%| E|CS|TAMS 0x00000000ef700000, 0x00000000ef700000| Complete 
| 248|0x00000000ef800000, 0x00000000ef900000, 0x00000000ef900000|100%| E|CS|TAMS 0x00000000ef800000, 0x00000000ef800000| Complete 
| 249|0x00000000ef900000, 0x00000000efa00000, 0x00000000efa00000|100%| E|CS|TAMS 0x00000000ef900000, 0x00000000ef900000| Complete 
| 250|0x00000000efa00000, 0x00000000efb00000, 0x00000000efb00000|100%| E|CS|TAMS 0x00000000efa00000, 0x00000000efa00000| Complete 
| 251|0x00000000efb00000, 0x00000000efc00000, 0x00000000efc00000|100%| E|CS|TAMS 0x00000000efb00000, 0x00000000efb00000| Complete 
| 252|0x00000000efc00000, 0x00000000efd00000, 0x00000000efd00000|100%| E|CS|TAMS 0x00000000efc00000, 0x00000000efc00000| Complete 
| 253|0x00000000efd00000, 0x00000000efe00000, 0x00000000efe00000|100%| E|CS|TAMS 0x00000000efd00000, 0x00000000efd00000| Complete 
| 254|0x00000000efe00000, 0x00000000eff00000, 0x00000000eff00000|100%| E|CS|TAMS 0x00000000efe00000, 0x00000000efe00000| Complete 
| 255|0x00000000eff00000, 0x00000000f0000000, 0x00000000f0000000|100%| E|CS|TAMS 0x00000000eff00000, 0x00000000eff00000| Complete 

Card table byte_map: [0x000002441f580000,0x000002441f680000] _byte_map_base: 0x000002441ee80000

Marking Bits (Prev, Next): (CMBitMap*) 0x00000244088c52b0, (CMBitMap*) 0x00000244088c5270
 Prev Bits: [0x000002441ff80000, 0x0000024420780000)
 Next Bits: [0x000002441f780000, 0x000002441ff80000)

Polling page: 0x00000244067f0000

Metaspace:

Usage:
  Non-class:     57.52 MB used.
      Class:      9.35 MB used.
       Both:     66.87 MB used.

Virtual space:
  Non-class space:       64.00 MB reserved,      57.94 MB ( 91%) committed,  1 nodes.
      Class space:      320.00 MB reserved,       9.69 MB (  3%) committed,  1 nodes.
             Both:      384.00 MB reserved,      67.62 MB ( 18%) committed. 

Chunk freelists:
   Non-Class:  5.73 MB
       Class:  6.14 MB
        Both:  11.87 MB

MaxMetaspaceSize: 384.00 MB
CompressedClassSpaceSize: 320.00 MB
Initial GC threshold: 21.00 MB
Current GC threshold: 98.12 MB
CDS: on
MetaspaceReclaimPolicy: balanced
 - commit_granule_bytes: 65536.
 - commit_granule_words: 8192.
 - virtual_space_node_default_size: 8388608.
 - enlarge_chunks_in_place: 1.
 - new_chunks_are_fully_committed: 0.
 - uncommit_free_chunks: 1.
 - use_allocation_guard: 0.
 - handle_deallocations: 1.


Internal statistics:

num_allocs_failed_limit: 9.
num_arena_births: 948.
num_arena_deaths: 0.
num_vsnodes_births: 2.
num_vsnodes_deaths: 0.
num_space_committed: 1082.
num_space_uncommitted: 0.
num_chunks_returned_to_freelist: 9.
num_chunks_taken_from_freelist: 4031.
num_chunk_merges: 9.
num_chunk_splits: 2499.
num_chunks_enlarged: 1535.
num_inconsistent_stats: 0.

CodeHeap 'non-profiled nmethods': size=120000Kb used=8517Kb max_used=8517Kb free=111482Kb
 bounds [0x0000024417c20000, 0x0000024418480000, 0x000002441f150000]
CodeHeap 'profiled nmethods': size=120000Kb used=23019Kb max_used=23019Kb free=96980Kb
 bounds [0x0000024410150000, 0x00000244117d0000, 0x0000024417680000]
CodeHeap 'non-nmethods': size=5760Kb used=2354Kb max_used=2491Kb free=3406Kb
 bounds [0x0000024417680000, 0x00000244178f0000, 0x0000024417c20000]
 total_blobs=12563 nmethods=11689 adapters=786
 compilation: enabled
              stopped_count=0, restarted_count=0
 full_count=0

Compilation events (20 events):
Event: 19662.110 Thread 0x00000244231c7480 nmethod 13244 0x00000244117b2e90 code [0x00000244117b3040, 0x00000244117b3288]
Event: 19662.110 Thread 0x00000244231c7480 13243       3       java.util.stream.ReduceOps$1::<init> (22 bytes)
Event: 19662.110 Thread 0x00000244231c7480 nmethod 13243 0x00000244117b3390 code [0x00000244117b3540, 0x00000244117b3878]
Event: 19662.110 Thread 0x00000244231c7480 13245       3       org.codehaus.groovy.ast.ClassHelper::make (93 bytes)
Event: 19662.111 Thread 0x00000244231c7480 nmethod 13245 0x00000244117b3990 code [0x00000244117b3bc0, 0x00000244117b4278]
Event: 19662.111 Thread 0x00000244231c7480 13247       3       org.codehaus.groovy.util.ListHashMap::get (65 bytes)
Event: 19662.111 Thread 0x00000244231c7480 nmethod 13247 0x00000244117b4590 code [0x00000244117b4780, 0x00000244117b4c98]
Event: 19662.111 Thread 0x00000244231c7480 13246       3       java.util.stream.ReferencePipeline::reduce (11 bytes)
Event: 19662.111 Thread 0x00000244231c7480 nmethod 13246 0x00000244117b4e90 code [0x00000244117b5040, 0x00000244117b51b8]
Event: 19662.111 Thread 0x00000244231c7480 13248       1       org.codehaus.groovy.ast.expr.MethodCallExpression::setMethod (6 bytes)
Event: 19662.111 Thread 0x00000244231c7480 nmethod 13248 0x0000024418470290 code [0x0000024418470420, 0x0000024418470538]
Event: 19662.111 Thread 0x00000244231c7480 13249       1       org.codehaus.groovy.ast.expr.MethodCallExpression::setObjectExpression (6 bytes)
Event: 19662.111 Thread 0x00000244231c7480 nmethod 13249 0x0000024418470590 code [0x0000024418470720, 0x0000024418470838]
Event: 19662.112 Thread 0x00000244231c7480 13250       1       org.codehaus.groovy.ast.expr.VariableExpression::getText (5 bytes)
Event: 19662.112 Thread 0x00000244231c7480 nmethod 13250 0x0000024418470890 code [0x0000024418470a20, 0x0000024418470af8]
Event: 19662.112 Thread 0x00000244231c7480 13251       3       org.codehaus.groovy.ast.expr.VariableExpression::<init> (49 bytes)
Event: 19662.112 Thread 0x00000244231c7480 nmethod 13251 0x00000244117b5290 code [0x00000244117b54c0, 0x00000244117b5d58]
Event: 19662.112 Thread 0x00000244231c7480 13252       3       org.codehaus.groovy.ast.expr.VariableExpression::setType (27 bytes)
Event: 19662.112 Thread 0x00000244231c7480 nmethod 13252 0x00000244117b6010 code [0x00000244117b61a0, 0x00000244117b6398]
Event: 19662.112 Thread 0x00000244231c7480 13253       3       org.apache.groovy.parser.antlr4.AstBuilder::visitIdentifier (5 bytes)

GC Heap History (20 events):
Event: 3.886 GC heap before
{Heap before GC invocations=5 (full 0):
 garbage-first heap   total 262144K, used 143083K [0x00000000e0000000, 0x0000000100000000)
  region size 1024K, 127 young (130048K), 15 survivors (15360K)
 Metaspace       used 35525K, committed 35968K, reserved 393216K
  class space    used 4940K, committed 5184K, reserved 327680K
}
Event: 3.900 GC heap after
{Heap after GC invocations=6 (full 0):
 garbage-first heap   total 262144K, used 33658K [0x00000000e0000000, 0x0000000100000000)
  region size 1024K, 16 young (16384K), 16 survivors (16384K)
 Metaspace       used 35525K, committed 35968K, reserved 393216K
  class space    used 4940K, committed 5184K, reserved 327680K
}
Event: 5.928 GC heap before
{Heap before GC invocations=7 (full 0):
 garbage-first heap   total 262144K, used 174970K [0x00000000e0000000, 0x0000000100000000)
  region size 1024K, 153 young (156672K), 16 survivors (16384K)
 Metaspace       used 48307K, committed 48832K, reserved 393216K
  class space    used 6802K, committed 7040K, reserved 327680K
}
Event: 5.944 GC heap after
{Heap after GC invocations=8 (full 0):
 garbage-first heap   total 262144K, used 40297K [0x00000000e0000000, 0x0000000100000000)
  region size 1024K, 16 young (16384K), 16 survivors (16384K)
 Metaspace       used 48307K, committed 48832K, reserved 393216K
  class space    used 6802K, committed 7040K, reserved 327680K
}
Event: 7.797 GC heap before
{Heap before GC invocations=8 (full 0):
 garbage-first heap   total 262144K, used 180585K [0x00000000e0000000, 0x0000000100000000)
  region size 1024K, 153 young (156672K), 16 survivors (16384K)
 Metaspace       used 55650K, committed 56384K, reserved 393216K
  class space    used 7859K, committed 8192K, reserved 327680K
}
Event: 7.817 GC heap after
{Heap after GC invocations=9 (full 0):
 garbage-first heap   total 262144K, used 53248K [0x00000000e0000000, 0x0000000100000000)
  region size 1024K, 20 young (20480K), 20 survivors (20480K)
 Metaspace       used 55650K, committed 56384K, reserved 393216K
  class space    used 7859K, committed 8192K, reserved 327680K
}
Event: 9.082 GC heap before
{Heap before GC invocations=9 (full 0):
 garbage-first heap   total 262144K, used 189440K [0x00000000e0000000, 0x0000000100000000)
  region size 1024K, 153 young (156672K), 20 survivors (20480K)
 Metaspace       used 57077K, committed 57792K, reserved 393216K
  class space    used 7907K, committed 8256K, reserved 327680K
}
Event: 9.107 GC heap after
{Heap after GC invocations=10 (full 0):
 garbage-first heap   total 262144K, used 68121K [0x00000000e0000000, 0x0000000100000000)
  region size 1024K, 17 young (17408K), 17 survivors (17408K)
 Metaspace       used 57077K, committed 57792K, reserved 393216K
  class space    used 7907K, committed 8256K, reserved 327680K
}
Event: 10.181 GC heap before
{Heap before GC invocations=10 (full 0):
 garbage-first heap   total 262144K, used 154137K [0x00000000e0000000, 0x0000000100000000)
  region size 1024K, 102 young (104448K), 17 survivors (17408K)
 Metaspace       used 59411K, committed 60096K, reserved 393216K
  class space    used 8250K, committed 8576K, reserved 327680K
}
Event: 10.192 GC heap after
{Heap after GC invocations=11 (full 0):
 garbage-first heap   total 262144K, used 65266K [0x00000000e0000000, 0x0000000100000000)
  region size 1024K, 5 young (5120K), 5 survivors (5120K)
 Metaspace       used 59411K, committed 60096K, reserved 393216K
  class space    used 8250K, committed 8576K, reserved 327680K
}
Event: 6728.532 GC heap before
{Heap before GC invocations=12 (full 0):
 garbage-first heap   total 262144K, used 202482K [0x00000000e0000000, 0x0000000100000000)
  region size 1024K, 140 young (143360K), 5 survivors (5120K)
 Metaspace       used 60705K, committed 61376K, reserved 393216K
  class space    used 8451K, committed 8768K, reserved 327680K
}
Event: 6729.016 GC heap after
{Heap after GC invocations=13 (full 0):
 garbage-first heap   total 262144K, used 66354K [0x00000000e0000000, 0x0000000100000000)
  region size 1024K, 6 young (6144K), 6 survivors (6144K)
 Metaspace       used 60705K, committed 61376K, reserved 393216K
  class space    used 8451K, committed 8768K, reserved 327680K
}
Event: 12649.642 GC heap before
{Heap before GC invocations=13 (full 0):
 garbage-first heap   total 262144K, used 163634K [0x00000000e0000000, 0x0000000100000000)
  region size 1024K, 101 young (103424K), 6 survivors (6144K)
 Metaspace       used 60726K, committed 61376K, reserved 393216K
  class space    used 8453K, committed 8768K, reserved 327680K
}
Event: 12649.803 GC heap after
{Heap after GC invocations=14 (full 0):
 garbage-first heap   total 262144K, used 65891K [0x00000000e0000000, 0x0000000100000000)
  region size 1024K, 5 young (5120K), 5 survivors (5120K)
 Metaspace       used 60726K, committed 61376K, reserved 393216K
  class space    used 8453K, committed 8768K, reserved 327680K
}
Event: 19581.974 GC heap before
{Heap before GC invocations=14 (full 0):
 garbage-first heap   total 262144K, used 200035K [0x00000000e0000000, 0x0000000100000000)
  region size 1024K, 137 young (140288K), 5 survivors (5120K)
 Metaspace       used 61555K, committed 62272K, reserved 393216K
  class space    used 8572K, committed 8896K, reserved 327680K
}
Event: 19582.141 GC heap after
{Heap after GC invocations=15 (full 0):
 garbage-first heap   total 262144K, used 66132K [0x00000000e0000000, 0x0000000100000000)
  region size 1024K, 6 young (6144K), 6 survivors (6144K)
 Metaspace       used 61555K, committed 62272K, reserved 393216K
  class space    used 8572K, committed 8896K, reserved 327680K
}
Event: 19656.865 GC heap before
{Heap before GC invocations=15 (full 0):
 garbage-first heap   total 262144K, used 194132K [0x00000000e0000000, 0x0000000100000000)
  region size 1024K, 108 young (110592K), 6 survivors (6144K)
 Metaspace       used 65552K, committed 66304K, reserved 393216K
  class space    used 9229K, committed 9600K, reserved 327680K
}
Event: 19656.893 GC heap after
{Heap after GC invocations=16 (full 0):
 garbage-first heap   total 262144K, used 99629K [0x00000000e0000000, 0x0000000100000000)
  region size 1024K, 14 young (14336K), 14 survivors (14336K)
 Metaspace       used 65552K, committed 66304K, reserved 393216K
  class space    used 9229K, committed 9600K, reserved 327680K
}
Event: 19657.514 GC heap before
{Heap before GC invocations=16 (full 0):
 garbage-first heap   total 262144K, used 179501K [0x00000000e0000000, 0x0000000100000000)
  region size 1024K, 92 young (94208K), 14 survivors (14336K)
 Metaspace       used 67534K, committed 68288K, reserved 393216K
  class space    used 9467K, committed 9856K, reserved 327680K
}
Event: 19657.557 GC heap after
{Heap after GC invocations=17 (full 0):
 garbage-first heap   total 262144K, used 101208K [0x00000000e0000000, 0x0000000100000000)
  region size 1024K, 3 young (3072K), 3 survivors (3072K)
 Metaspace       used 67534K, committed 68288K, reserved 393216K
  class space    used 9467K, committed 9856K, reserved 327680K
}

Deoptimization events (20 events):
Event: 19662.057 Thread 0x0000024440380e00 DEOPT PACKING pc=0x00000244115cee95 sp=0x00000086099f5be0
Event: 19662.057 Thread 0x0000024440380e00 DEOPT UNPACKING pc=0x00000244176d2b43 sp=0x00000086099f5138 mode 0
Event: 19662.065 Thread 0x0000024440380e00 DEOPT PACKING pc=0x00000244115cee95 sp=0x00000086099f5be0
Event: 19662.065 Thread 0x0000024440380e00 DEOPT UNPACKING pc=0x00000244176d2b43 sp=0x00000086099f5138 mode 0
Event: 19662.078 Thread 0x0000024440380e00 DEOPT PACKING pc=0x00000244115cea70 sp=0x00000086099f54e0
Event: 19662.078 Thread 0x0000024440380e00 DEOPT UNPACKING pc=0x00000244176d2b43 sp=0x00000086099f4a38 mode 0
Event: 19662.085 Thread 0x0000024440380e00 DEOPT PACKING pc=0x00000244115cea70 sp=0x00000086099f54e0
Event: 19662.085 Thread 0x0000024440380e00 DEOPT UNPACKING pc=0x00000244176d2b43 sp=0x00000086099f4a38 mode 0
Event: 19662.091 Thread 0x0000024440380e00 DEOPT PACKING pc=0x00000244115cee95 sp=0x00000086099f4f80
Event: 19662.091 Thread 0x0000024440380e00 DEOPT UNPACKING pc=0x00000244176d2b43 sp=0x00000086099f44d8 mode 0
Event: 19662.096 Thread 0x0000024440380e00 Uncommon trap: trap_request=0xffffffbe fr.pc=0x000002441846f9f0 relative=0x0000000000000250
Event: 19662.096 Thread 0x0000024440380e00 Uncommon trap: reason=profile_predicate action=maybe_recompile pc=0x000002441846f9f0 method=java.util.HashMap.keysToArray([Ljava/lang/Object;)[Ljava/lang/Object; @ 48 c2
Event: 19662.096 Thread 0x0000024440380e00 DEOPT PACKING pc=0x000002441846f9f0 sp=0x00000086099f3f80
Event: 19662.096 Thread 0x0000024440380e00 DEOPT UNPACKING pc=0x00000244176d23a3 sp=0x00000086099f3f28 mode 2
Event: 19662.100 Thread 0x0000024440380e00 Uncommon trap: trap_request=0xffffffbe fr.pc=0x000002441846f9f0 relative=0x0000000000000250
Event: 19662.100 Thread 0x0000024440380e00 Uncommon trap: reason=profile_predicate action=maybe_recompile pc=0x000002441846f9f0 method=java.util.HashMap.keysToArray([Ljava/lang/Object;)[Ljava/lang/Object; @ 48 c2
Event: 19662.100 Thread 0x0000024440380e00 DEOPT PACKING pc=0x000002441846f9f0 sp=0x00000086099f36e0
Event: 19662.100 Thread 0x0000024440380e00 DEOPT UNPACKING pc=0x00000244176d23a3 sp=0x00000086099f3688 mode 2
Event: 19662.100 Thread 0x0000024440380e00 DEOPT PACKING pc=0x00000244115cea70 sp=0x00000086099f3fd0
Event: 19662.100 Thread 0x0000024440380e00 DEOPT UNPACKING pc=0x00000244176d2b43 sp=0x00000086099f3528 mode 0

Classes unloaded (0 events):
No events

Classes redefined (0 events):
No events

Internal exceptions (20 events):
Event: 19653.560 Thread 0x0000024440380e00 Exception <a 'java/lang/NoSuchMethodError'{0x00000000ef00b6f8}: static Lorg/gradle/tooling/internal/consumer/versioning/VersionDetails$R35VersionDetails;.<clinit>()V> (0x00000000ef00b6f8) 
thrown [s\open\src\hotspot\share\prims\jni.cpp, line 1112]
Event: 19653.560 Thread 0x0000024440380e00 Exception <a 'java/lang/NoSuchMethodError'{0x00000000ef00cdc8}: static Lorg/gradle/tooling/internal/consumer/versioning/VersionDetails$R44VersionDetails;.<clinit>()V> (0x00000000ef00cdc8) 
thrown [s\open\src\hotspot\share\prims\jni.cpp, line 1112]
Event: 19653.560 Thread 0x0000024440380e00 Exception <a 'java/lang/NoSuchMethodError'{0x00000000ef00e3d0}: static Lorg/gradle/tooling/internal/consumer/versioning/VersionDetails$R48VersionDetails;.<clinit>()V> (0x00000000ef00e3d0) 
thrown [s\open\src\hotspot\share\prims\jni.cpp, line 1112]
Event: 19653.560 Thread 0x0000024440380e00 Exception <a 'java/lang/NoSuchMethodError'{0x00000000ef00f5d0}: static Lorg/gradle/tooling/internal/consumer/versioning/VersionDetails$R51VersionDetails;.<clinit>()V> (0x00000000ef00f5d0) 
thrown [s\open\src\hotspot\share\prims\jni.cpp, line 1112]
Event: 19654.008 Thread 0x0000024440380e00 Exception <a 'java/lang/ClassNotFoundException'{0x00000000eeb4f518}: ijIdeaPluginConfigurator1_bnthhhirmjnopp7k2dg84p6niBeanInfo> (0x00000000eeb4f518) 
thrown [s\open\src\hotspot\share\classfile\systemDictionary.cpp, line 256]
Event: 19654.009 Thread 0x0000024440380e00 Exception <a 'java/lang/ClassNotFoundException'{0x00000000eeb56888}: ijIdeaPluginConfigurator1_bnthhhirmjnopp7k2dg84p6niCustomizer> (0x00000000eeb56888) 
thrown [s\open\src\hotspot\share\classfile\systemDictionary.cpp, line 256]
Event: 19655.104 Thread 0x0000024440380e00 Exception <a 'java/lang/ClassNotFoundException'{0x00000000eeba3ac0}: ijIdeaPluginConfigurator1_bnthhhirmjnopp7k2dg84p6ni$_run_closure1BeanInfo> (0x00000000eeba3ac0) 
thrown [s\open\src\hotspot\share\classfile\systemDictionary.cpp, line 256]
Event: 19655.106 Thread 0x0000024440380e00 Exception <a 'java/lang/ClassNotFoundException'{0x00000000eebab4e0}: ijIdeaPluginConfigurator1_bnthhhirmjnopp7k2dg84p6ni$_run_closure1Customizer> (0x00000000eebab4e0) 
thrown [s\open\src\hotspot\share\classfile\systemDictionary.cpp, line 256]
Event: 19655.301 Thread 0x0000024440380e00 Exception <a 'java/lang/ClassNotFoundException'{0x00000000ee908898}: ijIdeaPluginConfigurator1_bnthhhirmjnopp7k2dg84p6niBeanInfo> (0x00000000ee908898) 
thrown [s\open\src\hotspot\share\classfile\systemDictionary.cpp, line 256]
Event: 19655.302 Thread 0x0000024440380e00 Exception <a 'java/lang/ClassNotFoundException'{0x00000000ee90fb88}: ijIdeaPluginConfigurator1_bnthhhirmjnopp7k2dg84p6niCustomizer> (0x00000000ee90fb88) 
thrown [s\open\src\hotspot\share\classfile\systemDictionary.cpp, line 256]
Event: 19657.252 Thread 0x0000024440380e00 Exception <a 'java/lang/NoSuchMethodError'{0x00000000ebec5478}: 'void java.lang.invoke.DirectMethodHandle$Holder.invokeSpecialIFC(java.lang.Object, java.lang.Object, java.lang.Object)'> (0x00000000ebec5478) 
thrown [s\open\src\hotspot\share\interpreter\linkResolver.cpp, line 759]
Event: 19657.622 Thread 0x0000024440380e00 Exception <a 'sun/nio/fs/WindowsException'{0x00000000efdb0018}> (0x00000000efdb0018) 
thrown [s\open\src\hotspot\share\prims\jni.cpp, line 516]
Event: 19657.624 Thread 0x0000024440380e00 Exception <a 'sun/nio/fs/WindowsException'{0x00000000efdb1a10}> (0x00000000efdb1a10) 
thrown [s\open\src\hotspot\share\prims\jni.cpp, line 516]
Event: 19657.672 Thread 0x0000024440380e00 Exception <a 'sun/nio/fs/WindowsException'{0x00000000efcfe8f8}> (0x00000000efcfe8f8) 
thrown [s\open\src\hotspot\share\prims\jni.cpp, line 516]
Event: 19657.677 Thread 0x0000024440380e00 Exception <a 'sun/nio/fs/WindowsException'{0x00000000efb11f60}> (0x00000000efb11f60) 
thrown [s\open\src\hotspot\share\prims\jni.cpp, line 516]
Event: 19657.680 Thread 0x0000024440380e00 Exception <a 'sun/nio/fs/WindowsException'{0x00000000efb1cd40}> (0x00000000efb1cd40) 
thrown [s\open\src\hotspot\share\prims\jni.cpp, line 516]
Event: 19658.732 Thread 0x0000024440380e00 Exception <a 'java/lang/ClassNotFoundException'{0x00000000ef997a98}: ijInit3_21j5bl05nhvl6ceauod99y0vaBeanInfo> (0x00000000ef997a98) 
thrown [s\open\src\hotspot\share\classfile\systemDictionary.cpp, line 256]
Event: 19658.732 Thread 0x0000024440380e00 Exception <a 'java/lang/ClassNotFoundException'{0x00000000ef99eca8}: ijInit3_21j5bl05nhvl6ceauod99y0vaCustomizer> (0x00000000ef99eca8) 
thrown [s\open\src\hotspot\share\classfile\systemDictionary.cpp, line 256]
Event: 19658.740 Thread 0x0000024440380e00 Exception <a 'java/lang/ClassNotFoundException'{0x00000000ef806400}: ijInit3_21j5bl05nhvl6ceauod99y0va$_run_closure1BeanInfo> (0x00000000ef806400) 
thrown [s\open\src\hotspot\share\classfile\systemDictionary.cpp, line 256]
Event: 19658.740 Thread 0x0000024440380e00 Exception <a 'java/lang/ClassNotFoundException'{0x00000000ef80dd40}: ijInit3_21j5bl05nhvl6ceauod99y0va$_run_closure1Customizer> (0x00000000ef80dd40) 
thrown [s\open\src\hotspot\share\classfile\systemDictionary.cpp, line 256]

VM Operations (20 events):
Event: 19656.161 Executing VM operation: ICBufferFull done
Event: 19656.564 Executing VM operation: ICBufferFull
Event: 19656.565 Executing VM operation: ICBufferFull done
Event: 19656.865 Executing VM operation: G1CollectForAllocation
Event: 19656.893 Executing VM operation: G1CollectForAllocation done
Event: 19657.401 Executing VM operation: ICBufferFull
Event: 19657.402 Executing VM operation: ICBufferFull done
Event: 19657.514 Executing VM operation: G1CollectForAllocation
Event: 19657.558 Executing VM operation: G1CollectForAllocation done
Event: 19657.578 Executing VM operation: HandshakeAllThreads
Event: 19657.578 Executing VM operation: HandshakeAllThreads done
Event: 19658.587 Executing VM operation: Cleanup
Event: 19658.588 Executing VM operation: Cleanup done
Event: 19659.601 Executing VM operation: Cleanup
Event: 19659.601 Executing VM operation: Cleanup done
Event: 19660.611 Executing VM operation: Cleanup
Event: 19660.766 Executing VM operation: Cleanup done
Event: 19661.773 Executing VM operation: Cleanup
Event: 19661.884 Executing VM operation: Cleanup done
Event: 19662.896 Executing VM operation: Cleanup

Events (20 events):
Event: 19658.719 loading class java/nio/file/StandardCopyOption
Event: 19658.719 loading class java/nio/file/StandardCopyOption done
Event: 19658.719 loading class sun/nio/fs/WindowsFileCopy
Event: 19658.720 loading class sun/nio/fs/WindowsFileCopy done
Event: 19658.749 Thread 0x000002443f5a9480 Thread added: 0x000002443f5a9480
Event: 19658.750 Thread 0x000002443f5a8040 Thread added: 0x000002443f5a8040
Event: 19658.750 Thread 0x000002443f5ac720 Thread added: 0x000002443f5ac720
Event: 19658.751 Thread 0x000002443f5acc30 Thread added: 0x000002443f5acc30
Event: 19658.751 Thread 0x000002443f5abd00 Thread added: 0x000002443f5abd00
Event: 19658.758 Thread 0x000002443f5a9ea0 Thread added: 0x000002443f5a9ea0
Event: 19658.758 Thread 0x000002443f5a9990 Thread added: 0x000002443f5a9990
Event: 19658.759 Thread 0x000002443f5aadd0 Thread added: 0x000002443f5aadd0
Event: 19658.760 Thread 0x000002443f5ab2e0 Thread added: 0x000002443f5ab2e0
Event: 19658.760 Thread 0x000002443f5ad140 Thread added: 0x000002443f5ad140
Event: 19658.760 Thread 0x000002443f5ac210 Thread added: 0x000002443f5ac210
Event: 19658.761 Thread 0x000002443f5ad650 Thread added: 0x000002443f5ad650
Event: 19658.767 Thread 0x0000024442481b20 Thread added: 0x0000024442481b20
Event: 19659.726 Thread 0x0000024442481b20 Thread exited: 0x0000024442481b20
Event: 19660.830 Thread 0x0000024442483060 Thread added: 0x0000024442483060
Event: 19660.838 Thread 0x0000024442483b00 Thread added: 0x0000024442483b00


Dynamic libraries:
0x00007ff7e1950000 - 0x00007ff7e1960000 	C:\Program Files\Java\jdk-17\bin\java.exe
0x00007fface220000 - 0x00007fface489000 	C:\WINDOWS\SYSTEM32\ntdll.dll
0x00007ffacd0e0000 - 0x00007ffacd1a9000 	C:\WINDOWS\System32\KERNEL32.DLL
0x00007ffacbb40000 - 0x00007ffacbf33000 	C:\WINDOWS\System32\KERNELBASE.dll
0x00007ffacb570000 - 0x00007ffacb6bb000 	C:\WINDOWS\System32\ucrtbase.dll
0x00007ffaba380000 - 0x00007ffaba39b000 	C:\Program Files\Java\jdk-17\bin\VCRUNTIME140.dll
0x00007ffac6210000 - 0x00007ffac6229000 	C:\Program Files\Java\jdk-17\bin\jli.dll
0x00007ffacc7e0000 - 0x00007ffacc894000 	C:\WINDOWS\System32\ADVAPI32.dll
0x00007ffacd300000 - 0x00007ffacd3a9000 	C:\WINDOWS\System32\msvcrt.dll
0x00007ffacc930000 - 0x00007ffacc9d6000 	C:\WINDOWS\System32\sechost.dll
0x00007ffacc9e0000 - 0x00007ffaccaf8000 	C:\WINDOWS\System32\RPCRT4.dll
0x00007ffacc4e0000 - 0x00007ffacc6a4000 	C:\WINDOWS\System32\USER32.dll
0x00007ffacbb10000 - 0x00007ffacbb37000 	C:\WINDOWS\System32\win32u.dll
0x00007ffab8480000 - 0x00007ffab8713000 	C:\WINDOWS\WinSxS\amd64_microsoft.windows.common-controls_6595b64144ccf1df_6.0.26100.5074_none_3e0d6f78e32fd63f\COMCTL32.dll
0x00007fface1b0000 - 0x00007fface1db000 	C:\WINDOWS\System32\GDI32.dll
0x00007ffacb440000 - 0x00007ffacb56d000 	C:\WINDOWS\System32\gdi32full.dll
0x00007ffacbf40000 - 0x00007ffacbfe3000 	C:\WINDOWS\System32\msvcp_win.dll
0x00007ffac62c0000 - 0x00007ffac62cb000 	C:\WINDOWS\SYSTEM32\VERSION.dll
0x00007ffacddf0000 - 0x00007ffacde1f000 	C:\WINDOWS\System32\IMM32.DLL
0x00007ffac63d0000 - 0x00007ffac63dc000 	C:\Program Files\Java\jdk-17\bin\vcruntime140_1.dll
0x00007ffa8a660000 - 0x00007ffa8a6ee000 	C:\Program Files\Java\jdk-17\bin\msvcp140.dll
0x00007ffa68900000 - 0x00007ffa694e0000 	C:\Program Files\Java\jdk-17\bin\server\jvm.dll
0x00007ffacd3b0000 - 0x00007ffacd3b8000 	C:\WINDOWS\System32\PSAPI.DLL
0x00007ffab50a0000 - 0x00007ffab50aa000 	C:\WINDOWS\SYSTEM32\WSOCK32.dll
0x00007ffabf740000 - 0x00007ffabf775000 	C:\WINDOWS\SYSTEM32\WINMM.dll
0x00007ffacc8b0000 - 0x00007ffacc924000 	C:\WINDOWS\System32\WS2_32.dll
0x00007ffaca190000 - 0x00007ffaca1ab000 	C:\WINDOWS\SYSTEM32\kernel.appcore.dll
0x00007ffac6070000 - 0x00007ffac607a000 	C:\Program Files\Java\jdk-17\bin\jimage.dll
0x00007ffac8ba0000 - 0x00007ffac8de2000 	C:\WINDOWS\SYSTEM32\DBGHELP.DLL
0x00007ffacccb0000 - 0x00007ffacd02b000 	C:\WINDOWS\System32\combase.dll
0x00007fface0d0000 - 0x00007fface1a7000 	C:\WINDOWS\System32\OLEAUT32.dll
0x00007ffab63d0000 - 0x00007ffab640d000 	C:\WINDOWS\SYSTEM32\dbgcore.DLL
0x00007ffacb6c0000 - 0x00007ffacb759000 	C:\WINDOWS\System32\bcryptPrimitives.dll
0x00007ffac5c10000 - 0x00007ffac5c1e000 	C:\Program Files\Java\jdk-17\bin\instrument.dll
0x00007ffab6260000 - 0x00007ffab6285000 	C:\Program Files\Java\jdk-17\bin\java.dll
0x00007ffa6eb10000 - 0x00007ffa6ebe7000 	C:\Program Files\Java\jdk-17\bin\jsvml.dll
0x00007ffacd4c0000 - 0x00007ffacdc0d000 	C:\WINDOWS\System32\SHELL32.dll
0x00007ffacb9a0000 - 0x00007ffacbb0c000 	C:\WINDOWS\System32\wintypes.dll
0x00007ffac9050000 - 0x00007ffac98a9000 	C:\WINDOWS\SYSTEM32\windows.storage.dll
0x00007ffacd200000 - 0x00007ffacd2f0000 	C:\WINDOWS\System32\SHCORE.dll
0x00007ffacdd70000 - 0x00007ffacddd2000 	C:\WINDOWS\System32\shlwapi.dll
0x00007ffacb2d0000 - 0x00007ffacb2f9000 	C:\WINDOWS\SYSTEM32\profapi.dll
0x00007ffab9a30000 - 0x00007ffab9a48000 	C:\Program Files\Java\jdk-17\bin\zip.dll
0x00007ffab61f0000 - 0x00007ffab6209000 	C:\Program Files\Java\jdk-17\bin\net.dll
0x00007ffac3790000 - 0x00007ffac38af000 	C:\WINDOWS\SYSTEM32\WINHTTP.dll
0x00007ffaca710000 - 0x00007ffaca77b000 	C:\WINDOWS\system32\mswsock.dll
0x00007ffab61d0000 - 0x00007ffab61e6000 	C:\Program Files\Java\jdk-17\bin\nio.dll
0x00007ffabb190000 - 0x00007ffabb1a0000 	C:\Program Files\Java\jdk-17\bin\verify.dll
0x00007ffab1b60000 - 0x00007ffab1b87000 	C:\Users\K Abhishek\.gradle\native\c067742578af261105cb4f569cf0c3c89f3d7b1fecec35dd04571415982c5e48\windows-amd64\native-platform.dll
0x00007ffa6df10000 - 0x00007ffa6e054000 	C:\Users\K Abhishek\.gradle\native\100fb08df4bc3b14c8652ba06237920a3bd2aa13389f12d3474272988ae205f9\windows-amd64\native-platform-file-events.dll
0x00007ffab60b0000 - 0x00007ffab60ba000 	C:\Program Files\Java\jdk-17\bin\management.dll
0x00007ffab5fb0000 - 0x00007ffab5fbb000 	C:\Program Files\Java\jdk-17\bin\management_ext.dll
0x00007ffaca9b0000 - 0x00007ffaca9cb000 	C:\WINDOWS\SYSTEM32\CRYPTSP.dll
0x00007ffaca0f0000 - 0x00007ffaca12b000 	C:\WINDOWS\system32\rsaenh.dll
0x00007ffaca7b0000 - 0x00007ffaca7db000 	C:\WINDOWS\SYSTEM32\USERENV.dll
0x00007ffacb2a0000 - 0x00007ffacb2c6000 	C:\WINDOWS\SYSTEM32\bcrypt.dll
0x00007ffaca9d0000 - 0x00007ffaca9dc000 	C:\WINDOWS\SYSTEM32\CRYPTBASE.dll
0x00007ffac9bb0000 - 0x00007ffac9be4000 	C:\WINDOWS\SYSTEM32\IPHLPAPI.DLL
0x00007ffacdde0000 - 0x00007ffacddea000 	C:\WINDOWS\System32\NSI.dll
0x00007ffac39f0000 - 0x00007ffac3a0e000 	C:\WINDOWS\SYSTEM32\dhcpcsvc6.DLL
0x00007ffac31c0000 - 0x00007ffac31e3000 	C:\WINDOWS\SYSTEM32\dhcpcsvc.DLL
0x00007ffac9ca0000 - 0x00007ffac9dc6000 	C:\WINDOWS\SYSTEM32\DNSAPI.dll
0x00007ffab5fa0000 - 0x00007ffab5fae000 	C:\Program Files\Java\jdk-17\bin\sunmscapi.dll
0x00007ffacb760000 - 0x00007ffacb8d7000 	C:\WINDOWS\System32\CRYPT32.dll
0x00007ffacabd0000 - 0x00007ffacac00000 	C:\WINDOWS\SYSTEM32\ncrypt.dll
0x00007ffacab80000 - 0x00007ffacabbf000 	C:\WINDOWS\SYSTEM32\NTASN1.dll
0x00007ffa8ed90000 - 0x00007ffa8ed98000 	C:\WINDOWS\system32\wshunix.dll
0x00007ffac80f0000 - 0x00007ffac818e000 	C:\WINDOWS\system32\apphelp.dll

dbghelp: loaded successfully - version: 4.0.5 - missing functions: none
symbol engine: initialized successfully - sym options: 0x614 - pdb path: .;C:\Program Files\Java\jdk-17\bin;C:\WINDOWS\SYSTEM32;C:\WINDOWS\WinSxS\amd64_microsoft.windows.common-controls_6595b64144ccf1df_6.0.26100.5074_none_3e0d6f78e32fd63f;C:\Program Files\Java\jdk-17\bin\server;C:\Users\K Abhishek\.gradle\native\c067742578af261105cb4f569cf0c3c89f3d7b1fecec35dd04571415982c5e48\windows-amd64;C:\Users\K Abhishek\.gradle\native\100fb08df4bc3b14c8652ba06237920a3bd2aa13389f12d3474272988ae205f9\windows-amd64

VM Arguments:
jvm_args: --add-opens=java.base/java.util=ALL-UNNAMED --add-opens=java.base/java.lang=ALL-UNNAMED --add-opens=java.base/java.lang.invoke=ALL-UNNAMED --add-opens=java.prefs/java.util.prefs=ALL-UNNAMED --add-exports=jdk.compiler/com.sun.tools.javac.api=ALL-UNNAMED --add-exports=jdk.compiler/com.sun.tools.javac.util=ALL-UNNAMED --add-opens=java.base/java.nio.charset=ALL-UNNAMED --add-opens=java.base/java.net=ALL-UNNAMED --add-opens=java.base/java.util.concurrent.atomic=ALL-UNNAMED -XX:MaxMetaspaceSize=384m -XX:+HeapDumpOnOutOfMemoryError -Xms256m -Xmx512m -Dfile.encoding=UTF-8 -Duser.country=IN -Duser.language=en -Duser.variant -javaagent:C:\Users\K Abhishek\.gradle\wrapper\dists\gradle-8.10.1-bin\e90i968nv55tch01zkse4avv3\gradle-8.10.1\lib\agents\gradle-instrumentation-agent-8.10.1.jar 
java_command: org.gradle.launcher.daemon.bootstrap.GradleDaemon 8.10.1
java_class_path (initial): C:\Users\K Abhishek\.gradle\wrapper\dists\gradle-8.10.1-bin\e90i968nv55tch01zkse4avv3\gradle-8.10.1\lib\gradle-daemon-main-8.10.1.jar
Launcher Type: SUN_STANDARD

[Global flags]
     intx CICompilerCount                          = 4                                         {product} {ergonomic}
   size_t CompressedClassSpaceSize                 = 335544320                                 {product} {ergonomic}
     uint ConcGCThreads                            = 2                                         {product} {ergonomic}
     uint G1ConcRefinementThreads                  = 8                                         {product} {ergonomic}
   size_t G1HeapRegionSize                         = 1048576                                   {product} {ergonomic}
    uintx GCDrainStackTargetSize                   = 64                                        {product} {ergonomic}
     bool HeapDumpOnOutOfMemoryError               = true                                   {manageable} {command line}
   size_t InitialHeapSize                          = 268435456                                 {product} {command line}
   size_t MarkStackSize                            = 4194304                                   {product} {ergonomic}
   size_t MaxHeapSize                              = 536870912                                 {product} {command line}
   size_t MaxMetaspaceSize                         = 402653184                                 {product} {command line}
   size_t MaxNewSize                               = 321912832                                 {product} {ergonomic}
   size_t MinHeapDeltaBytes                        = 1048576                                   {product} {ergonomic}
   size_t MinHeapSize                              = 268435456                                 {product} {command line}
    uintx NonNMethodCodeHeapSize                   = 5839372                                {pd product} {ergonomic}
    uintx NonProfiledCodeHeapSize                  = 122909434                              {pd product} {ergonomic}
    uintx ProfiledCodeHeapSize                     = 122909434                              {pd product} {ergonomic}
    uintx ReservedCodeCacheSize                    = 251658240                              {pd product} {ergonomic}
     bool SegmentedCodeCache                       = true                                      {product} {ergonomic}
   size_t SoftMaxHeapSize                          = 536870912                              {manageable} {ergonomic}
     bool UseCompressedClassPointers               = true                           {product lp64_product} {ergonomic}
     bool UseCompressedOops                        = true                           {product lp64_product} {ergonomic}
     bool UseG1GC                                  = true                                      {product} {ergonomic}
     bool UseLargePagesIndividualAllocation        = false                                  {pd product} {ergonomic}

Logging:
Log output configuration:
 #0: stdout all=warning uptime,level,tags
 #1: stderr all=off uptime,level,tags

Environment Variables:
JAVA_HOME=C:\Program Files\Java\jdk1.8.0_261
PATH=C:\OracleXE213_Win64\dbhomeXE\bin;C:\Windows\system32;C:\Windows;C:\Windows\System32\Wbem;C:\Windows\System32\WindowsPowerShell\v1.0\;C:\Windows\System32\OpenSSH\;C:\Program Files (x86)\NVIDIA Corporation\PhysX\Common;C:\Program Files\NVIDIA Corporation\NVIDIA NvDLISR;C:\MinGW\bin;C:\WINDOWS\system32;C:\WINDOWS;C:\WINDOWS\System32\Wbem;C:\WINDOWS\System32\WindowsPowerShell\v1.0\;C:\WINDOWS\System32\OpenSSH\;C:\Program Files\dotnet\;C:\xampp\php;C:\php 8.2.16;C:\OracleXE213_Win64;C:\Users\K Abhishek\AppData\Local\Android\Sdk;C:\Users\K Abhishek\AppData\Local\Android\Sdk\emulator;C:\Users\K Abhishek\AppData\Local\Android\Sdk\platforms;C:\Users\K Abhishek\AppData\Local\Android\Sdk\platform-tools;C:\Program Files\PuTTY\;C:\Program Files\Java\jdk1.8.0_261\bin;C:\Program Files\nodejs\;C:\Users\K Abhishek\AppData\Roaming\npm;C:\Program Files\PowerShell\7\;C:\Program Files\Git\cmd;C:\Program Files\Java\jdk-17\bin;C:\Program Files\MySQL\MySQL Shell 8.0\bin\;C:\Users\K Abhishek\AppData\Local\Microsoft\WindowsApps;C:\Users\K Abhishek\AppData\Local\Programs\Microsoft VS Code\bin;C:\Program Files\JetBrains\IntelliJ IDEA Community Edition 2022.3.2\bin;;C:\Users\K Abhishek\AppData\Local\Packages\PythonSoftwareFoundation.Python.3.11_qbz5n2kfra8p0\LocalCache\local-packages\Python311;C:\Users\K Abhishek\AppData\Local\Packages\PythonSoftwareFoundation.Python.3.11_qbz5n2kfra8p0\LocalCache\local-packages\Python311\Scripts;C:\php 8.2.16;C:\ProgramData\anaconda3\Scripts;C:\ProgramData\anaconda3;C:\ProgramData\anaconda3\Library\bin;C:\Program Files\Java\jdk1.8.0_261\bin;C:\Users\K Abhishek\Downloads\apache-tomcat-9.0.38-windows-x64\apache-tomcat-9.0.38\bin;C:\Users\K Abhishek\AppData\Roaming\npm;
USERNAME=K Abhishek
OS=Windows_NT
PROCESSOR_IDENTIFIER=Intel64 Family 6 Model 165 Stepping 2, GenuineIntel



---------------  S Y S T E M  ---------------

OS:
 Windows 11 , 64 bit Build 26100 (10.0.26100.5074)
OS uptime: 2 days 3:17 hours

CPU: total 8 (initial active 8) (4 cores per cpu, 2 threads per core) family 6 model 165 stepping 2 microcode 0xf6, cx8, cmov, fxsr, ht, mmx, 3dnowpref, sse, sse2, sse3, ssse3, sse4.1, sse4.2, popcnt, lzcnt, tsc, tscinvbit, avx, avx2, aes, erms, clmul, bmi1, bmi2, adx, fma, vzeroupper, clflush, clflushopt

Memory: 4k page, system-wide physical 8099M (625M free)
TotalPageFile size 24900M (AvailPageFile size 41M)
current process WorkingSet (physical memory assigned to process): 359M, peak: 460M
current process commit charge ("private bytes"): 534M, peak: 538M

vm_info: Java HotSpot(TM) 64-Bit Server VM (17.0.12+8-LTS-286) for windows-amd64 JRE (17.0.12+8-LTS-286), built on Jun  5 2024 06:46:59 by "mach5one" with MS VC++ 17.6 (VS2022)

END.
